Component: ARM Compiler 5.06 update 3 (build 300) Tool: armlink [4d35c9]

==============================================================================

Section Cross References

    main.o(i.hardware_init) refers to misc.o(i.NVIC_PriorityGroupConfig) for NVIC_PriorityGroupConfig
    main.o(i.hardware_init) refers to delay.o(i.delay_init) for delay_init
    main.o(i.hardware_init) refers to usart1.o(i.usart1_init) for usart1_init
    main.o(i.hardware_init) refers to usart3.o(i.usart3_init) for usart3_init
    main.o(i.hardware_init) refers to led.o(i.led_init) for led_init
    main.o(i.hardware_init) refers to me3616.o(i.me3616_power_init) for me3616_power_init
    main.o(i.hardware_init) refers to sht20_i2c.o(i.sht20_i2c_init) for sht20_i2c_init
    main.o(i.main) refers to main.o(i.hardware_init) for hardware_init
    main.o(i.main) refers to __2printf.o(.text) for __2printf
    main.o(i.main) refers to me3616.o(i.me3616_power_on) for me3616_power_on
    main.o(i.main) refers to me3616.o(i.me3616_hardware_reset) for me3616_hardware_reset
    main.o(i.main) refers to me3616.o(i.me3616_connect_onenet_app_task) for me3616_connect_onenet_app_task
    main.o(i.main) refers to tasks.o(i.vTaskStartScheduler) for vTaskStartScheduler
    system_stm32f10x.o(i.SetSysClock) refers to system_stm32f10x.o(i.SetSysClockTo72) for SetSysClockTo72
    system_stm32f10x.o(i.SystemCoreClockUpdate) refers to system_stm32f10x.o(.data) for SystemCoreClock
    system_stm32f10x.o(i.SystemInit) refers to system_stm32f10x.o(i.SetSysClock) for SetSysClock
    startup_stm32f10x_hd.o(STACK) refers (Special) to heapauxi.o(.text) for __use_two_region_memory
    startup_stm32f10x_hd.o(HEAP) refers (Special) to heapauxi.o(.text) for __use_two_region_memory
    startup_stm32f10x_hd.o(RESET) refers (Special) to heapauxi.o(.text) for __use_two_region_memory
    startup_stm32f10x_hd.o(RESET) refers to startup_stm32f10x_hd.o(STACK) for __initial_sp
    startup_stm32f10x_hd.o(RESET) refers to startup_stm32f10x_hd.o(.text) for Reset_Handler
    startup_stm32f10x_hd.o(RESET) refers to stm32f10x_it.o(i.NMI_Handler) for NMI_Handler
    startup_stm32f10x_hd.o(RESET) refers to stm32f10x_it.o(i.HardFault_Handler) for HardFault_Handler
    startup_stm32f10x_hd.o(RESET) refers to stm32f10x_it.o(i.MemManage_Handler) for MemManage_Handler
    startup_stm32f10x_hd.o(RESET) refers to stm32f10x_it.o(i.BusFault_Handler) for BusFault_Handler
    startup_stm32f10x_hd.o(RESET) refers to stm32f10x_it.o(i.UsageFault_Handler) for UsageFault_Handler
    startup_stm32f10x_hd.o(RESET) refers to port.o(.emb_text) for SVC_Handler
    startup_stm32f10x_hd.o(RESET) refers to stm32f10x_it.o(i.DebugMon_Handler) for DebugMon_Handler
    startup_stm32f10x_hd.o(RESET) refers to delay.o(i.SysTick_Handler) for SysTick_Handler
    startup_stm32f10x_hd.o(RESET) refers to usart3.o(i.USART3_IRQHandler) for USART3_IRQHandler
    startup_stm32f10x_hd.o(RESET) refers to timer.o(i.TIM7_IRQHandler) for TIM7_IRQHandler
    startup_stm32f10x_hd.o(.text) refers (Special) to heapauxi.o(.text) for __use_two_region_memory
    startup_stm32f10x_hd.o(.text) refers to system_stm32f10x.o(i.SystemInit) for SystemInit
    startup_stm32f10x_hd.o(.text) refers to __main.o(!!!main) for __main
    startup_stm32f10x_hd.o(.text) refers to startup_stm32f10x_hd.o(HEAP) for Heap_Mem
    startup_stm32f10x_hd.o(.text) refers to startup_stm32f10x_hd.o(STACK) for Stack_Mem
    stm32f10x_adc.o(i.ADC_DeInit) refers to stm32f10x_rcc.o(i.RCC_APB2PeriphResetCmd) for RCC_APB2PeriphResetCmd
    stm32f10x_bkp.o(i.BKP_DeInit) refers to stm32f10x_rcc.o(i.RCC_BackupResetCmd) for RCC_BackupResetCmd
    stm32f10x_can.o(i.CAN_DeInit) refers to stm32f10x_rcc.o(i.RCC_APB1PeriphResetCmd) for RCC_APB1PeriphResetCmd
    stm32f10x_can.o(i.CAN_GetITStatus) refers to stm32f10x_can.o(i.CheckITStatus) for CheckITStatus
    stm32f10x_cec.o(i.CEC_DeInit) refers to stm32f10x_rcc.o(i.RCC_APB1PeriphResetCmd) for RCC_APB1PeriphResetCmd
    stm32f10x_dac.o(i.DAC_DeInit) refers to stm32f10x_rcc.o(i.RCC_APB1PeriphResetCmd) for RCC_APB1PeriphResetCmd
    stm32f10x_flash.o(i.FLASH_EnableWriteProtection) refers to stm32f10x_flash.o(i.FLASH_WaitForLastOperation) for FLASH_WaitForLastOperation
    stm32f10x_flash.o(i.FLASH_EraseAllBank1Pages) refers to stm32f10x_flash.o(i.FLASH_WaitForLastBank1Operation) for FLASH_WaitForLastBank1Operation
    stm32f10x_flash.o(i.FLASH_EraseAllPages) refers to stm32f10x_flash.o(i.FLASH_WaitForLastOperation) for FLASH_WaitForLastOperation
    stm32f10x_flash.o(i.FLASH_EraseOptionBytes) refers to stm32f10x_flash.o(i.FLASH_GetReadOutProtectionStatus) for FLASH_GetReadOutProtectionStatus
    stm32f10x_flash.o(i.FLASH_EraseOptionBytes) refers to stm32f10x_flash.o(i.FLASH_WaitForLastOperation) for FLASH_WaitForLastOperation
    stm32f10x_flash.o(i.FLASH_ErasePage) refers to stm32f10x_flash.o(i.FLASH_WaitForLastOperation) for FLASH_WaitForLastOperation
[...]
    Heap_Mem                                 0x20005c98   Data         512  startup_stm32f10x_hd.o(HEAP)
    STACK                                    0x20005e98   Section     1024  startup_stm32f10x_hd.o(STACK)
    Stack_Mem                                0x20005e98   Data        1024  startup_stm32f10x_hd.o(STACK)
    __initial_sp                             0x20006298   Data           0  startup_stm32f10x_hd.o(STACK)
    .ARM.__AT_0x68000000                     0x68000000   Section    983040  malloc.o(.ARM.__AT_0x68000000)
    .ARM.__AT_0x680F0000                     0x680f0000   Section    61440  malloc.o(.ARM.__AT_0x680F0000)

    Global Symbols

    Symbol Name                              Value     Ov Type        Size  Object(Section)

    BuildAttributes$$THM_ISAv4$P$D$K$B$S$PE$A:L22UL41UL21$X:L11$S22US41US21$IEEE1$IW$USESV6$~STKCKD$USESV7$~SHL$OTIME$ROPI$IEEEJ$EBA8$UX$STANDARDLIB$REQ8$PRES8$EABIv2 0x00000000   Number         0  anon$$obj.o ABSOLUTE
    __ARM_use_no_argv                        0x00000000   Number         0  main.o ABSOLUTE
    _printf_flags                            0x00000000   Number         0  printf_stubs.o ABSOLUTE
    _printf_return_value                     0x00000000   Number         0  printf_stubs.o ABSOLUTE
    _printf_sizespec                         0x00000000   Number         0  printf_stubs.o ABSOLUTE
    _printf_widthprec                        0x00000000   Number         0  printf_stubs.o ABSOLUTE
    __ARM_exceptions_init                     - Undefined Weak Reference
    __alloca_initialize                       - Undefined Weak Reference
    __arm_preinit_                            - Undefined Weak Reference
    __cpp_initialize__aeabi_                  - Undefined Weak Reference
    __cxa_finalize                            - Undefined Weak Reference
    __sigvec_lookup                           - Undefined Weak Reference
    _atexit_init                              - Undefined Weak Reference
    _call_atexit_fns                          - Undefined Weak Reference
    _clock_init                               - Undefined Weak Reference
    _fp_trap_init                             - Undefined Weak Reference
    _fp_trap_shutdown                         - Undefined Weak Reference
    _get_lc_collate                           - Undefined Weak Reference
    _get_lc_monetary                          - Undefined Weak Reference
    _get_lc_time                              - Undefined Weak Reference
    _getenv_init                              - Undefined Weak Reference
    _handle_redirection                       - Undefined Weak Reference
    _init_alloc                               - Undefined Weak Reference
    _init_user_alloc                          - Undefined Weak Reference
    _initio                                   - Undefined Weak Reference
    _mutex_acquire                            - Undefined Weak Reference
    _mutex_release                            - Undefined Weak Reference
    _printf_fp_hex                            - Undefined Weak Reference
    _printf_mbtowc                            - Undefined Weak Reference
    _printf_wc                                - Undefined Weak Reference
    _rand_init                                - Undefined Weak Reference
    _signal_finish                            - Undefined Weak Reference
    _signal_init                              - Undefined Weak Reference
    _terminate_alloc                          - Undefined Weak Reference
    _terminate_user_alloc                     - Undefined Weak Reference
    _terminateio                              - Undefined Weak Reference
    __Vectors_Size                           0x00000130   Number         0  startup_stm32f10x_hd.o ABSOLUTE
    __Vectors                                0x08000000   Data           4  startup_stm32f10x_hd.o(RESET)
    __Vectors_End                            0x08000130   Data           0  startup_stm32f10x_hd.o(RESET)
    __main                                   0x08000131   Thumb Code     8  __main.o(!!!main)
    __scatterload                            0x08000139   Thumb Code     0  __scatter.o(!!!scatter)
    __scatterload_rt2                        0x08000139   Thumb Code    44  __scatter.o(!!!scatter)
    __scatterload_rt2_thumb_only             0x08000139   Thumb Code     0  __scatter.o(!!!scatter)
    __scatterload_null                       0x08000147   Thumb Code     0  __scatter.o(!!!scatter)
    __scatterload_copy                       0x0800016d   Thumb Code    26  __scatter_copy.o(!!handler_copy)
    __scatterload_zeroinit                   0x08000189   Thumb Code    28  __scatter_zi.o(!!handler_zi)
    _printf_n                                0x080001a5   Thumb Code     0  _printf_n.o(.ARM.Collect$$_printf_percent$$00000001)
    _printf_percent                          0x080001a5   Thumb Code     0  _printf_percent.o(.ARM.Collect$$_printf_percent$$00000000)
    _printf_p                                0x080001ab   Thumb Code     0  _printf_p.o(.ARM.Collect$$_printf_percent$$00000002)
    _printf_f                                0x080001b1   Thumb Code     0  _printf_f.o(.ARM.Collect$$_printf_percent$$00000003)
    _printf_e                                0x080001b7   Thumb Code     0  _printf_e.o(.ARM.Collect$$_printf_percent$$00000004)
    _printf_g                                0x080001bd   Thumb Code     0  _printf_g.o(.ARM.Collect$$_printf_percent$$00000005)
    _printf_a                                0x080001c3   Thumb Code     0  _printf_a.o(.ARM.Collect$$_printf_percent$$00000006)
    _printf_ll                               0x080001c9   Thumb Code     0  _printf_ll.o(.ARM.Collect$$_printf_percent$$00000007)
    _printf_i                                0x080001d3   Thumb Code     0  _printf_i.o(.ARM.Collect$$_printf_percent$$00000008)
    _printf_d                                0x080001d9   Thumb Code     0  _printf_d.o(.ARM.Collect$$_printf_percent$$00000009)
    _printf_u                                0x080001df   Thumb Code     0  _printf_u.o(.ARM.Collect$$_printf_percent$$0000000A)
    _printf_o                                0x080001e5   Thumb Code     0  _printf_o.o(.ARM.Collect$$_printf_percent$$0000000B)
    _printf_x                                0x080001eb   Thumb Code     0  _printf_x.o(.ARM.Collect$$_printf_percent$$0000000C)
    _printf_lli                              0x080001f1   Thumb Code     0  _printf_lli.o(.ARM.Collect$$_printf_percent$$0000000D)
    _printf_lld                              0x080001f7   Thumb Code     0  _printf_lld.o(.ARM.Collect$$_printf_percent$$0000000E)
    _printf_llu                              0x080001fd   Thumb Code     0  _printf_llu.o(.ARM.Collect$$_printf_percent$$0000000F)
    _printf_llo                              0x08000203   Thumb Code     0  _printf_llo.o(.ARM.Collect$$_printf_percent$$00000010)
    _printf_llx                              0x08000209   Thumb Code     0  _printf_llx.o(.ARM.Collect$$_printf_percent$$00000011)
    _printf_l                                0x0800020f   Thumb Code     0  _printf_l.o(.ARM.Collect$$_printf_percent$$00000012)
    _printf_c                                0x08000219   Thumb Code     0  _printf_c.o(.ARM.Collect$$_printf_percent$$00000013)
    _printf_s                                0x0800021f   Thumb Code     0  _printf_s.o(.ARM.Collect$$_printf_percent$$00000014)
    _printf_lc                               0x08000225   Thumb Code     0  _printf_lc.o(.ARM.Collect$$_printf_percent$$00000015)
    _printf_ls                               0x0800022b   Thumb Code     0  _printf_ls.o(.ARM.Collect$$_printf_percent$$00000016)
    _printf_percent_end                      0x08000231   Thumb Code     0  _printf_percent_end.o(.ARM.Collect$$_printf_percent$$00000017)
    __rt_lib_init                            0x08000235   Thumb Code     0  libinit.o(.ARM.Collect$$libinit$$00000000)
    __rt_lib_init_fp_1                       0x08000237   Thumb Code     0  libinit2.o(.ARM.Collect$$libinit$$00000002)
    __rt_lib_init_heap_1                     0x08000237   Thumb Code     0  libinit2.o(.ARM.Collect$$libinit$$0000000A)
    __rt_lib_init_lc_common                  0x08000237   Thumb Code     0  libinit2.o(.ARM.Collect$$libinit$$0000000F)
    __rt_lib_init_preinit_1                  0x08000237   Thumb Code     0  libinit2.o(.ARM.Collect$$libinit$$00000004)
    __rt_lib_init_rand_1                     0x08000237   Thumb Code     0  libinit2.o(.ARM.Collect$$libinit$$0000000E)
    __rt_lib_init_user_alloc_1               0x08000237   Thumb Code     0  libinit2.o(.ARM.Collect$$libinit$$0000000C)
    __rt_lib_init_lc_collate_1               0x0800023d   Thumb Code     0  libinit2.o(.ARM.Collect$$libinit$$00000011)
    __rt_lib_init_lc_ctype_2                 0x0800023d   Thumb Code     0  libinit2.o(.ARM.Collect$$libinit$$00000012)
    __rt_lib_init_lc_ctype_1                 0x08000249   Thumb Code     0  libinit2.o(.ARM.Collect$$libinit$$00000013)
    __rt_lib_init_lc_monetary_1              0x08000249   Thumb Code     0  libinit2.o(.ARM.Collect$$libinit$$00000015)
    __rt_lib_init_lc_numeric_2               0x08000249   Thumb Code     0  libinit2.o(.ARM.Collect$$libinit$$00000016)
    __rt_lib_init_alloca_1                   0x08000253   Thumb Code     0  libinit2.o(.ARM.Collect$$libinit$$0000002E)
    __rt_lib_init_argv_1                     0x08000253   Thumb Code     0  libinit2.o(.ARM.Collect$$libinit$$0000002C)
    __rt_lib_init_atexit_1                   0x08000253   Thumb Code     0  libinit2.o(.ARM.Collect$$libinit$$0000001B)
    __rt_lib_init_clock_1                    0x08000253   Thumb Code     0  libinit2.o(.ARM.Collect$$libinit$$00000021)
    __rt_lib_init_cpp_1                      0x08000253   Thumb Code     0  libinit2.o(.ARM.Collect$$libinit$$00000032)
    __rt_lib_init_exceptions_1               0x08000253   Thumb Code     0  libinit2.o(.ARM.Collect$$libinit$$00000030)
    __rt_lib_init_fp_trap_1                  0x08000253   Thumb Code     0  libinit2.o(.ARM.Collect$$libinit$$0000001F)
    __rt_lib_init_getenv_1                   0x08000253   Thumb Code     0  libinit2.o(.ARM.Collect$$libinit$$00000023)
    __rt_lib_init_lc_numeric_1               0x08000253   Thumb Code     0  libinit2.o(.ARM.Collect$$libinit$$00000017)
    __rt_lib_init_lc_time_1                  0x08000253   Thumb Code     0  libinit2.o(.ARM.Collect$$libinit$$00000019)
    __rt_lib_init_return                     0x08000253   Thumb Code     0  libinit2.o(.ARM.Collect$$libinit$$00000033)
    __rt_lib_init_signal_1                   0x08000253   Thumb Code     0  libinit2.o(.ARM.Collect$$libinit$$0000001D)
    __rt_lib_init_stdio_1                    0x08000253   Thumb Code     0  libinit2.o(.ARM.Collect$$libinit$$00000025)
    __rt_lib_shutdown                        0x08000255   Thumb Code     0  libshutdown.o(.ARM.Collect$$libshutdown$$00000000)
    __rt_lib_shutdown_cpp_1                  0x08000257   Thumb Code     0  libshutdown2.o(.ARM.Collect$$libshutdown$$00000002)
    __rt_lib_shutdown_fp_trap_1              0x08000257   Thumb Code     0  libshutdown2.o(.ARM.Collect$$libshutdown$$00000007)
    __rt_lib_shutdown_heap_1                 0x08000257   Thumb Code     0  libshutdown2.o(.ARM.Collect$$libshutdown$$0000000F)
    __rt_lib_shutdown_return                 0x08000257   Thumb Code     0  libshutdown2.o(.ARM.Collect$$libshutdown$$00000010)
    __rt_lib_shutdown_signal_1               0x08000257   Thumb Code     0  libshutdown2.o(.ARM.Collect$$libshutdown$$0000000A)
    __rt_lib_shutdown_stdio_1                0x08000257   Thumb Code     0  libshutdown2.o(.ARM.Collect$$libshutdown$$00000004)
    __rt_lib_shutdown_user_alloc_1           0x08000257   Thumb Code     0  libshutdown2.o(.ARM.Collect$$libshutdown$$0000000C)
    __rt_entry                               0x08000259   Thumb Code     0  __rtentry.o(.ARM.Collect$$rtentry$$00000000)
    __rt_entry_presh_1                       0x08000259   Thumb Code     0  __rtentry2.o(.ARM.Collect$$rtentry$$00000002)
    __rt_entry_sh                            0x08000259   Thumb Code     0  __rtentry4.o(.ARM.Collect$$rtentry$$00000004)
    __rt_entry_li                            0x0800025f   Thumb Code     0  __rtentry2.o(.ARM.Collect$$rtentry$$0000000A)
    __rt_entry_postsh_1                      0x0800025f   Thumb Code     0  __rtentry2.o(.ARM.Collect$$rtentry$$00000009)
    __rt_entry_main                          0x08000263   Thumb Code     0  __rtentry2.o(.ARM.Collect$$rtentry$$0000000D)
    __rt_entry_postli_1                      0x08000263   Thumb Code     0  __rtentry2.o(.ARM.Collect$$rtentry$$0000000C)
    __rt_exit                                0x0800026b   Thumb Code     0  rtexit.o(.ARM.Collect$$rtexit$$00000000)
    __rt_exit_ls                             0x0800026d   Thumb Code     0  rtexit2.o(.ARM.Collect$$rtexit$$00000003)
    __rt_exit_prels_1                        0x0800026d   Thumb Code     0  rtexit2.o(.ARM.Collect$$rtexit$$00000002)
    __rt_exit_exit                           0x08000271   Thumb Code     0  rtexit2.o(.ARM.Collect$$rtexit$$00000004)
    SVC_Handler                              0x08000279   Thumb Code    32  port.o(.emb_text)
    __asm___6_port_c_39a90d8d__prvStartFirstTask 0x0800029d   Thumb Code    28  port.o(.emb_text)
    PendSV_Handler                           0x080002bd   Thumb Code    72  port.o(.emb_text)
    vPortGetIPSR                             0x08000309   Thumb Code     6  port.o(.emb_text)
    Reset_Handler                            0x08000311   Thumb Code     8  startup_stm32f10x_hd.o(.text)
    ADC1_2_IRQHandler                        0x0800032b   Thumb Code     0  startup_stm32f10x_hd.o(.text)
    ADC3_IRQHandler                          0x0800032b   Thumb Code     0  startup_stm32f10x_hd.o(.text)
    CAN1_RX1_IRQHandler                      0x0800032b   Thumb Code     0  startup_stm32f10x_hd.o(.text)
    CAN1_SCE_IRQHandler                      0x0800032b   Thumb Code     0  startup_stm32f10x_hd.o(.text)
    DMA1_Channel1_IRQHandler                 0x0800032b   Thumb Code     0  startup_stm32f10x_hd.o(.text)
    DMA1_Channel2_IRQHandler                 0x0800032b   Thumb Code     0  startup_stm32f10x_hd.o(.text)
    DMA1_Channel3_IRQHandler                 0x0800032b   Thumb Code     0  startup_stm32f10x_hd.o(.text)
    DMA1_Channel4_IRQHandler                 0x0800032b   Thumb Code     0  startup_stm32f10x_hd.o(.text)
    DMA1_Channel5_IRQHandler                 0x0800032b   Thumb Code     0  startup_stm32f10x_hd.o(.text)
    DMA1_Channel6_IRQHandler                 0x0800032b   Thumb Code     0  startup_stm32f10x_hd.o(.text)
    DMA1_Channel7_IRQHandler                 0x0800032b   Thumb Code     0  startup_stm32f10x_hd.o(.text)
    DMA2_Channel1_IRQHandler                 0x0800032b   Thumb Code     0  startup_stm32f10x_hd.o(.text)
    DMA2_Channel2_IRQHandler                 0x0800032b   Thumb Code     0  startup_stm32f10x_hd.o(.text)
    DMA2_Channel3_IRQHandler                 0x0800032b   Thumb Code     0  startup_stm32f10x_hd.o(.text)
    DMA2_Channel4_5_IRQHandler               0x0800032b   Thumb Code     0  startup_stm32f10x_hd.o(.text)
    EXTI0_IRQHandler                         0x0800032b   Thumb Code     0  startup_stm32f10x_hd.o(.text)
    EXTI15_10_IRQHandler                     0x0800032b   Thumb Code     0  startup_stm32f10x_hd.o(.text)
    EXTI1_IRQHandler                         0x0800032b   Thumb Code     0  startup_stm32f10x_hd.o(.text)
    EXTI2_IRQHandler                         0x0800032b   Thumb Code     0  startup_stm32f10x_hd.o(.text)
    EXTI3_IRQHandler                         0x0800032b   Thumb Code     0  startup_stm32f10x_hd.o(.text)
    EXTI4_IRQHandler                         0x0800032b   Thumb Code     0  startup_stm32f10x_hd.o(.text)
    EXTI9_5_IRQHandler                       0x0800032b   Thumb Code     0  startup_stm32f10x_hd.o(.text)
    FLASH_IRQHandler                         0x0800032b   Thumb Code     0  startup_stm32f10x_hd.o(.text)
    FSMC_IRQHandler                          0x0800032b   Thumb Code     0  startup_stm32f10x_hd.o(.text)
    I2C1_ER_IRQHandler                       0x0800032b   Thumb Code     0  startup_stm32f10x_hd.o(.text)
    I2C1_EV_IRQHandler                       0x0800032b   Thumb Code     0  startup_stm32f10x_hd.o(.text)
    I2C2_ER_IRQHandler                       0x0800032b   Thumb Code     0  startup_stm32f10x_hd.o(.text)
    I2C2_EV_IRQHandler                       0x0800032b   Thumb Code     0  startup_stm32f10x_hd.o(.text)
    PVD_IRQHandler                           0x0800032b   Thumb Code     0  startup_stm32f10x_hd.o(.text)
    RCC_IRQHandler                           0x0800032b   Thumb Code     0  startup_stm32f10x_hd.o(.text)
    RTCAlarm_IRQHandler                      0x0800032b   Thumb Code     0  startup_stm32f10x_hd.o(.text)
    RTC_IRQHandler                           0x0800032b   Thumb Code     0  startup_stm32f10x_hd.o(.text)
    SDIO_IRQHandler                          0x0800032b   Thumb Code     0  startup_stm32f10x_hd.o(.text)
    SPI1_IRQHandler                          0x0800032b   Thumb Code     0  startup_stm32f10x_hd.o(.text)
    SPI2_IRQHandler                          0x0800032b   Thumb Code     0  startup_stm32f10x_hd.o(.text)
    SPI3_IRQHandler                          0x0800032b   Thumb Code     0  startup_stm32f10x_hd.o(.text)
    TAMPER_IRQHandler                        0x0800032b   Thumb Code     0  startup_stm32f10x_hd.o(.text)
    TIM1_BRK_IRQHandler                      0x0800032b   Thumb Code     0  startup_stm32f10x_hd.o(.text)
    TIM1_CC_IRQHandler                       0x0800032b   Thumb Code     0  startup_stm32f10x_hd.o(.text)
    TIM1_TRG_COM_IRQHandler                  0x0800032b   Thumb Code     0  startup_stm32f10x_hd.o(.text)
    TIM1_UP_IRQHandler                       0x0800032b   Thumb Code     0  startup_stm32f10x_hd.o(.text)
    TIM2_IRQHandler                          0x0800032b   Thumb Code     0  startup_stm32f10x_hd.o(.text)
    TIM3_IRQHandler                          0x0800032b   Thumb Code     0  startup_stm32f10x_hd.o(.text)
    TIM4_IRQHandler                          0x0800032b   Thumb Code     0  startup_stm32f10x_hd.o(.text)
    TIM5_IRQHandler                          0x0800032b   Thumb Code     0  startup_stm32f10x_hd.o(.text)
    TIM6_IRQHandler                          0x0800032b   Thumb Code     0  startup_stm32f10x_hd.o(.text)
    TIM8_BRK_IRQHandler                      0x0800032b   Thumb Code     0  startup_stm32f10x_hd.o(.text)
    TIM8_CC_IRQHandler                       0x0800032b   Thumb Code     0  startup_stm32f10x_hd.o(.text)
    TIM8_TRG_COM_IRQHandler                  0x0800032b   Thumb Code     0  startup_stm32f10x_hd.o(.text)
    TIM8_UP_IRQHandler                       0x0800032b   Thumb Code     0  startup_stm32f10x_hd.o(.text)
    UART4_IRQHandler                         0x0800032b   Thumb Code     0  startup_stm32f10x_hd.o(.text)
    UART5_IRQHandler                         0x0800032b   Thumb Code     0  startup_stm32f10x_hd.o(.text)
    USART1_IRQHandler                        0x0800032b   Thumb Code     0  startup_stm32f10x_hd.o(.text)
    USART2_IRQHandler                        0x0800032b   Thumb Code     0  startup_stm32f10x_hd.o(.text)
    USBWakeUp_IRQHandler                     0x0800032b   Thumb Code     0  startup_stm32f10x_hd.o(.text)
    USB_HP_CAN1_TX_IRQHandler                0x0800032b   Thumb Code     0  startup_stm32f10x_hd.o(.text)
    USB_LP_CAN1_RX0_IRQHandler               0x0800032b   Thumb Code     0  startup_stm32f10x_hd.o(.text)
    WWDG_IRQHandler                          0x0800032b   Thumb Code     0  startup_stm32f10x_hd.o(.text)
    __user_initial_stackheap                 0x0800032d   Thumb Code     0  startup_stm32f10x_hd.o(.text)
    __use_no_semihosting                     0x08000351   Thumb Code     2  use_no_semi_2.o(.text)
    __c89vsprintf                            0x08000355   Thumb Code    32  c89vsprintf.o(.text)
    __2printf                                0x08000379   Thumb Code    20  __2printf.o(.text)
    __2sprintf                               0x08000391   Thumb Code    38  __2sprintf.o(.text)
    _printf_str                              0x080003bd   Thumb Code    82  _printf_str.o(.text)
    _printf_int_dec                          0x08000411   Thumb Code   104  _printf_dec.o(.text)
    __printf                                 0x08000489   Thumb Code   388  __printf_flags_ss_wp.o(.text)
    atoi                                     0x08000611   Thumb Code    26  atoi.o(.text)
    strtok                                   0x0800062d   Thumb Code     6  strtok.o(.text)
    strstr                                   0x08000639   Thumb Code    36  strstr.o(.text)
    strlen                                   0x0800065d   Thumb Code    62  strlen.o(.text)
    __aeabi_memcpy                           0x0800069b   Thumb Code     0  rt_memcpy_v6.o(.text)
    __rt_memcpy                              0x0800069b   Thumb Code   138  rt_memcpy_v6.o(.text)
    _memcpy_lastbytes                        0x08000701   Thumb Code     0  rt_memcpy_v6.o(.text)
    __aeabi_memset                           0x08000725   Thumb Code    16  aeabi_memset.o(.text)
    __aeabi_memclr4                          0x08000735   Thumb Code     0  rt_memclr_w.o(.text)
    __aeabi_memclr8                          0x08000735   Thumb Code     0  rt_memclr_w.o(.text)
    __rt_memclr_w                            0x08000735   Thumb Code    78  rt_memclr_w.o(.text)
    _memset_w                                0x08000739   Thumb Code     0  rt_memclr_w.o(.text)
    __use_two_region_memory                  0x08000783   Thumb Code     2  heapauxi.o(.text)
    __rt_heap_escrow$2region                 0x08000785   Thumb Code     2  heapauxi.o(.text)
    __rt_heap_expand$2region                 0x08000787   Thumb Code     2  heapauxi.o(.text)
    __I$use$semihosting                      0x08000789   Thumb Code     0  use_no_semi.o(.text)
    __use_no_semihosting_swi                 0x08000789   Thumb Code     2  use_no_semi.o(.text)
    __aeabi_errno_addr                       0x0800078d   Thumb Code     8  rt_errno_addr_intlibspace.o(.text)
    __errno$intlibspace                      0x0800078d   Thumb Code     0  rt_errno_addr_intlibspace.o(.text)
    __rt_errno_addr$intlibspace              0x0800078d   Thumb Code     0  rt_errno_addr_intlibspace.o(.text)
    _printf_pre_padding                      0x08000795   Thumb Code    44  _printf_pad.o(.text)
    _printf_post_padding                     0x080007c1   Thumb Code    34  _printf_pad.o(.text)
    _printf_truncate_signed                  0x080007e3   Thumb Code    18  _printf_truncate.o(.text)
    _printf_truncate_unsigned                0x080007f5   Thumb Code    18  _printf_truncate.o(.text)
    _printf_int_common                       0x08000807   Thumb Code   178  _printf_intcommon.o(.text)
    _printf_charcount                        0x080008b9   Thumb Code    40  _printf_charcount.o(.text)
    __lib_sel_fp_printf                      0x080008e1   Thumb Code     2  _printf_fp_dec.o(.text)
    _printf_fp_dec_real                      0x08000a8f   Thumb Code   620  _printf_fp_dec.o(.text)
    _printf_char_common                      0x08000d07   Thumb Code    32  _printf_char_common.o(.text)
    _sputc                                   0x08000d2d   Thumb Code    10  _sputc.o(.text)
    _printf_cs_common                        0x08000d37   Thumb Code    20  _printf_char.o(.text)
    _printf_char                             0x08000d4b   Thumb Code    16  _printf_char.o(.text)
    _printf_string                           0x08000d5b   Thumb Code     8  _printf_char.o(.text)
    _printf_char_file                        0x08000d65   Thumb Code    32  _printf_char_file.o(.text)
    _printf_wctomb                           0x08000d89   Thumb Code   182  _printf_wctomb.o(.text)
    _printf_longlong_dec                     0x08000e45   Thumb Code   108  _printf_longlong_dec.o(.text)
    _printf_longlong_oct                     0x08000ec1   Thumb Code    68  _printf_oct_int_ll.o(.text)
    _printf_int_oct                          0x08000f05   Thumb Code    24  _printf_oct_int_ll.o(.text)
    _printf_ll_oct                           0x08000f1d   Thumb Code    12  _printf_oct_int_ll.o(.text)
    _printf_longlong_hex                     0x08000f31   Thumb Code    86  _printf_hex_int_ll_ptr.o(.text)
    _printf_int_hex                          0x08000f87   Thumb Code    28  _printf_hex_int_ll_ptr.o(.text)
    _printf_ll_hex                           0x08000fa3   Thumb Code    12  _printf_hex_int_ll_ptr.o(.text)
    _printf_hex_ptr                          0x08000faf   Thumb Code    18  _printf_hex_int_ll_ptr.o(.text)
    strtol                                   0x08000fc5   Thumb Code   112  strtol.o(.text)
    __strtok_internal                        0x08001035   Thumb Code    64  strtok_int.o(.text)
    __aeabi_memcpy4                          0x08001079   Thumb Code     0  rt_memcpy_w.o(.text)
    __aeabi_memcpy8                          0x08001079   Thumb Code     0  rt_memcpy_w.o(.text)
    __rt_memcpy_w                            0x08001079   Thumb Code   100  rt_memcpy_w.o(.text)
    _memcpy_lastbytes_aligned                0x080010c1   Thumb Code     0  rt_memcpy_w.o(.text)
    __aeabi_memclr                           0x080010dd   Thumb Code     0  rt_memclr.o(.text)
    __rt_memclr                              0x080010dd   Thumb Code    68  rt_memclr.o(.text)
    _memset                                  0x080010e1   Thumb Code     0  rt_memclr.o(.text)
    __user_libspace                          0x08001121   Thumb Code     8  libspace.o(.text)
    __user_perproc_libspace                  0x08001121   Thumb Code     0  libspace.o(.text)
    __user_perthread_libspace                0x08001121   Thumb Code     0  libspace.o(.text)
    __rt_ctype_table                         0x08001129   Thumb Code    16  rt_ctype_table.o(.text)
    __rt_locale                              0x08001139   Thumb Code     8  rt_locale_intlibspace.o(.text)
    _ll_udiv10                               0x08001141   Thumb Code   138  lludiv10.o(.text)
    _printf_fp_infnan                        0x080011cd   Thumb Code   112  _printf_fp_infnan.o(.text)
    _printf_lcs_common                       0x0800124d   Thumb Code    20  _printf_wchar.o(.text)
    _printf_wchar                            0x08001261   Thumb Code    16  _printf_wchar.o(.text)
    _printf_wstring                          0x08001271   Thumb Code     8  _printf_wchar.o(.text)
    _strtoul                                 0x08001279   Thumb Code   158  _strtoul.o(.text)
    _btod_etento                             0x08001319   Thumb Code   216  bigflt0.o(.text)
    ferror                                   0x080013f5   Thumb Code     8  ferror.o(.text)
    _wcrtomb                                 0x080013fd   Thumb Code    64  _wcrtomb.o(.text)
    strcspn                                  0x0800143d   Thumb Code    32  strcspn.o(.text)
    strspn                                   0x0800145d   Thumb Code    28  strspn.o(.text)
    __user_setup_stackheap                   0x08001479   Thumb Code    74  sys_stackheap_outer.o(.text)
    _chval                                   0x080014c3   Thumb Code    28  _chval.o(.text)
    exit                                     0x080014df   Thumb Code    18  exit.o(.text)
    strcmp                                   0x080014f1   Thumb Code   128  strcmpv7m.o(.text)
    _btod_d2e                                0x08001571   Thumb Code    62  btod.o(CL$$btod_d2e)
    _d2e_denorm_low                          0x080015af   Thumb Code    70  btod.o(CL$$btod_d2e_denorm_low)
    _d2e_norm_op1                            0x080015f5   Thumb Code    96  btod.o(CL$$btod_d2e_norm_op1)
    __btod_div_common                        0x08001655   Thumb Code   696  btod.o(CL$$btod_div_common)
    _e2e                                     0x0800198d   Thumb Code   198  btod.o(CL$$btod_e2e)
    _btod_ediv                               0x08001a53   Thumb Code    40  btod.o(CL$$btod_ediv)
    _btod_emul                               0x08001a7b   Thumb Code    40  btod.o(CL$$btod_emul)
    __btod_mult_common                       0x08001aa3   Thumb Code   580  btod.o(CL$$btod_mult_common)
    BusFault_Handler                         0x08001ce7   Thumb Code     4  stm32f10x_it.o(i.BusFault_Handler)
    DebugMon_Handler                         0x08001ceb   Thumb Code     2  stm32f10x_it.o(i.DebugMon_Handler)
    GPIO_Init                                0x08001ced   Thumb Code   278  stm32f10x_gpio.o(i.GPIO_Init)
    GPIO_ReadInputDataBit                    0x08001e03   Thumb Code    18  stm32f10x_gpio.o(i.GPIO_ReadInputDataBit)
    GPIO_ResetBits                           0x08001e15   Thumb Code     4  stm32f10x_gpio.o(i.GPIO_ResetBits)
    GPIO_SetBits                             0x08001e19   Thumb Code     4  stm32f10x_gpio.o(i.GPIO_SetBits)
    HardFault_Handler                        0x08001e1d   Thumb Code     4  stm32f10x_it.o(i.HardFault_Handler)
    MemManage_Handler                        0x08001e21   Thumb Code     4  stm32f10x_it.o(i.MemManage_Handler)
    NMI_Handler                              0x08001e25   Thumb Code     2  stm32f10x_it.o(i.NMI_Handler)
    NVIC_Init                                0x08001e29   Thumb Code   100  misc.o(i.NVIC_Init)
    NVIC_PriorityGroupConfig                 0x08001e99   Thumb Code    10  misc.o(i.NVIC_PriorityGroupConfig)
    RCC_APB1PeriphClockCmd                   0x08001ead   Thumb Code    26  stm32f10x_rcc.o(i.RCC_APB1PeriphClockCmd)
    RCC_APB1PeriphResetCmd                   0x08001ecd   Thumb Code    26  stm32f10x_rcc.o(i.RCC_APB1PeriphResetCmd)
    RCC_APB2PeriphClockCmd                   0x08001eed   Thumb Code    26  stm32f10x_rcc.o(i.RCC_APB2PeriphClockCmd)
    RCC_APB2PeriphResetCmd                   0x08001f0d   Thumb Code    26  stm32f10x_rcc.o(i.RCC_APB2PeriphResetCmd)
    RCC_GetClocksFreq                        0x08001f2d   Thumb Code   192  stm32f10x_rcc.o(i.RCC_GetClocksFreq)
    SysTick_CLKSourceConfig                  0x080020f1   Thumb Code    40  misc.o(i.SysTick_CLKSourceConfig)
    SysTick_Handler                          0x08002119   Thumb Code    16  delay.o(i.SysTick_Handler)
    SystemInit                               0x08002129   Thumb Code    78  system_stm32f10x.o(i.SystemInit)
    TIM7_IRQHandler                          0x08002189   Thumb Code    42  timer.o(i.TIM7_IRQHandler)
    TIM7_Int_Init                            0x080021bd   Thumb Code    90  timer.o(i.TIM7_Int_Init)
    TIM_ClearITPendingBit                    0x0800221d   Thumb Code     6  stm32f10x_tim.o(i.TIM_ClearITPendingBit)
    TIM_Cmd                                  0x08002223   Thumb Code    24  stm32f10x_tim.o(i.TIM_Cmd)
    TIM_GetITStatus                          0x0800223b   Thumb Code    34  stm32f10x_tim.o(i.TIM_GetITStatus)
    TIM_ITConfig                             0x0800225d   Thumb Code    18  stm32f10x_tim.o(i.TIM_ITConfig)
    TIM_SetCounter                           0x0800226f   Thumb Code     4  stm32f10x_tim.o(i.TIM_SetCounter)
    TIM_TimeBaseInit                         0x08002275   Thumb Code   122  stm32f10x_tim.o(i.TIM_TimeBaseInit)
    USART3_IRQHandler                        0x08002319   Thumb Code   106  usart3.o(i.USART3_IRQHandler)
    USART_ClearITPendingBit                  0x08002395   Thumb Code    30  stm32f10x_usart.o(i.USART_ClearITPendingBit)
    USART_Cmd                                0x080023b3   Thumb Code    24  stm32f10x_usart.o(i.USART_Cmd)
    USART_DeInit                             0x080023cd   Thumb Code   134  stm32f10x_usart.o(i.USART_DeInit)
    USART_GetFlagStatus                      0x08002469   Thumb Code    26  stm32f10x_usart.o(i.USART_GetFlagStatus)
    USART_GetITStatus                        0x08002483   Thumb Code    84  stm32f10x_usart.o(i.USART_GetITStatus)
    USART_ITConfig                           0x080024d7   Thumb Code    74  stm32f10x_usart.o(i.USART_ITConfig)
    USART_Init                               0x08002521   Thumb Code   210  stm32f10x_usart.o(i.USART_Init)
    USART_ReceiveData                        0x080025f9   Thumb Code    10  stm32f10x_usart.o(i.USART_ReceiveData)
    USART_SendData                           0x08002603   Thumb Code     8  stm32f10x_usart.o(i.USART_SendData)
    UsageFault_Handler                       0x0800260b   Thumb Code     4  stm32f10x_it.o(i.UsageFault_Handler)
    __ARM_fpclassify                         0x0800260f   Thumb Code    40  fpclassify.o(i.__ARM_fpclassify)
    _is_digit                                0x08002637   Thumb Code    14  __printf_wp.o(i._is_digit)
    _sys_exit                                0x08002645   Thumb Code     4  usart1.o(i._sys_exit)
    delay_init                               0x08002649   Thumb Code    74  delay.o(i.delay_init)
    delay_ms                                 0x080026a5   Thumb Code    60  delay.o(i.delay_ms)
    delay_us                                 0x080026e5   Thumb Code    68  delay.o(i.delay_us)
    fputc                                    0x0800272d   Thumb Code    24  usart1.o(i.fputc)
    hardware_init                            0x08002749   Thumb Code    44  main.o(i.hardware_init)
    led_init                                 0x08002775   Thumb Code    46  led.o(i.led_init)
    main                                     0x080027a9   Thumb Code    32  main.o(i.main)
    me3616_at_response                       0x080027dd   Thumb Code    46  me3616.o(i.me3616_at_response)
    me3616_check_cmd                         0x0800281d   Thumb Code    44  me3616.o(i.me3616_check_cmd)
    me3616_connect_onenet_app_task           0x08002851   Thumb Code    12  me3616.o(i.me3616_connect_onenet_app_task)
    me3616_hardware_reset                    0x0800285d   Thumb Code    28  me3616.o(i.me3616_hardware_reset)
    me3616_miplnotify_sw_timer_callback      0x0800287d   Thumb Code   134  me3616.o(i.me3616_miplnotify_sw_timer_callback)
    me3616_miplnotify_sw_timer_task_init     0x08002939   Thumb Code    36  me3616.o(i.me3616_miplnotify_sw_timer_task_init)
    me3616_onenet_mipladdobj                 0x08002989   Thumb Code    72  me3616.o(i.me3616_onenet_mipladdobj)
    me3616_onenet_miplclose                  0x080029fd   Thumb Code    26  me3616.o(i.me3616_onenet_miplclose)
    me3616_onenet_miplcreate                 0x08002a41   Thumb Code    28  me3616.o(i.me3616_onenet_miplcreate)
    me3616_onenet_mipldelete                 0x08002a79   Thumb Code    26  me3616.o(i.me3616_onenet_mipldelete)
    me3616_onenet_mipldelobj                 0x08002abd   Thumb Code    52  me3616.o(i.me3616_onenet_mipldelobj)
    me3616_onenet_mipldiscover_rsp           0x08002b11   Thumb Code    68  me3616.o(i.me3616_onenet_mipldiscover_rsp)
    me3616_onenet_miplnotify                 0x08002b85   Thumb Code    82  me3616.o(i.me3616_onenet_miplnotify)
    me3616_onenet_miplobserve_rsp            0x08002c11   Thumb Code    56  me3616.o(i.me3616_onenet_miplobserve_rsp)
    me3616_onenet_miplopen                   0x08002c71   Thumb Code    52  me3616.o(i.me3616_onenet_miplopen)
    me3616_parse_onenet_mipldiscover         0x08002cc5   Thumb Code    78  me3616.o(i.me3616_parse_onenet_mipldiscover)
    me3616_parse_onenet_miplobserve          0x08002d2d   Thumb Code   144  me3616.o(i.me3616_parse_onenet_miplobserve)
    me3616_power_init                        0x08002dd5   Thumb Code    46  me3616.o(i.me3616_power_init)
    me3616_power_on                          0x08002e09   Thumb Code    28  me3616.o(i.me3616_power_on)
    me3616_process_back_result_task          0x08002e29   Thumb Code   298  me3616.o(i.me3616_process_back_result_task)
    me3616_process_back_result_task_init     0x08003015   Thumb Code    30  me3616.o(i.me3616_process_back_result_task_init)
    me3616_registered_to_onenet              0x0800305d   Thumb Code   134  me3616.o(i.me3616_registered_to_onenet)
    me3616_send_cmd                          0x0800316d   Thumb Code   106  me3616.o(i.me3616_send_cmd)
    pvPortMalloc                             0x08003d49   Thumb Code   262  heap_4.o(i.pvPortMalloc)
    pvTaskIncrementMutexHeldCount            0x08003e9d   Thumb Code    26  tasks.o(i.pvTaskIncrementMutexHeldCount)
    pxPortInitialiseStack                    0x08003ebd   Thumb Code    30  port.o(i.pxPortInitialiseStack)
    sht20_calculate_humidity                 0x08003ee1   Thumb Code    60  sht20.o(i.sht20_calculate_humidity)
    sht20_calculate_temperature              0x08003f29   Thumb Code    60  sht20.o(i.sht20_calculate_temperature)
    sht20_check_crc                          0x08003f75   Thumb Code    74  sht20.o(i.sht20_check_crc)
    sht20_get_value                          0x08003fc1   Thumb Code    96  sht20.o(i.sht20_get_value)
    sht20_i2c_ack                            0x08004025   Thumb Code    48  sht20_i2c.o(i.sht20_i2c_ack)
    sht20_i2c_init                           0x08004059   Thumb Code    54  sht20_i2c.o(i.sht20_i2c_init)
    sht20_i2c_nack                           0x08004095   Thumb Code    48  sht20_i2c.o(i.sht20_i2c_nack)
    sht20_i2c_read_byte                      0x080040c9   Thumb Code    76  sht20_i2c.o(i.sht20_i2c_read_byte)
    sht20_i2c_read_one_byte                  0x08004119   Thumb Code   118  sht20_i2c.o(i.sht20_i2c_read_one_byte)
    sht20_i2c_send_byte                      0x08004191   Thumb Code    84  sht20_i2c.o(i.sht20_i2c_send_byte)
    sht20_i2c_start                          0x080041e9   Thumb Code    48  sht20_i2c.o(i.sht20_i2c_start)
    sht20_i2c_stop                           0x0800421d   Thumb Code    48  sht20_i2c.o(i.sht20_i2c_stop)
    sht20_i2c_wait_ack                       0x08004251   Thumb Code    88  sht20_i2c.o(i.sht20_i2c_wait_ack)
    sht20_i2c_write_one_byte                 0x080042cd   Thumb Code   100  sht20_i2c.o(i.sht20_i2c_write_one_byte)
    sht20_measure_data                       0x08004331   Thumb Code   188  sht20.o(i.sht20_measure_data)
    sht20_read_user_reg                      0x080043ed   Thumb Code    22  sht20.o(i.sht20_read_user_reg)
    sht20_soft_reset                         0x08004403   Thumb Code    14  sht20.o(i.sht20_soft_reset)
    usart1_init                              0x08004411   Thumb Code   130  usart1.o(i.usart1_init)
    usart3_init                              0x0800449d   Thumb Code   190  usart3.o(i.usart3_init)
    usart3_printf                            0x0800456d   Thumb Code    72  usart3.o(i.usart3_printf)
    uxListRemove                             0x080045bd   Thumb Code    40  list.o(i.uxListRemove)
    vListInitialise                          0x080045e5   Thumb Code    26  list.o(i.vListInitialise)
    vListInitialiseItem                      0x080045ff   Thumb Code     6  list.o(i.vListInitialiseItem)
    vListInsert                              0x08004605   Thumb Code    52  list.o(i.vListInsert)
    vListInsertEnd                           0x08004639   Thumb Code    24  list.o(i.vListInsertEnd)
    vPortEnterCritical                       0x08004651   Thumb Code    68  port.o(i.vPortEnterCritical)
    vPortExitCritical                        0x080046d9   Thumb Code    48  port.o(i.vPortExitCritical)
    vPortFree                                0x08004749   Thumb Code   120  heap_4.o(i.vPortFree)
    vPortSetupTimerInterrupt                 0x08004801   Thumb Code    26  port.o(i.vPortSetupTimerInterrupt)
    vPortValidateInterruptPriority           0x08004821   Thumb Code    86  port.o(i.vPortValidateInterruptPriority)
    vQueueAddToRegistry                      0x080048c1   Thumb Code    38  queue.o(i.vQueueAddToRegistry)
    vQueueWaitForMessageRestricted           0x080048ed   Thumb Code    74  queue.o(i.vQueueWaitForMessageRestricted)
    vTaskDelay                               0x08004939   Thumb Code    72  tasks.o(i.vTaskDelay)
    vTaskMissedYield                         0x080049ad   Thumb Code     8  tasks.o(i.vTaskMissedYield)
    vTaskPlaceOnEventList                    0x080049b9   Thumb Code    42  tasks.o(i.vTaskPlaceOnEventList)
    vTaskPlaceOnEventListRestricted          0x08004a0d   Thumb Code    50  tasks.o(i.vTaskPlaceOnEventListRestricted)
    vTaskPriorityInherit                     0x08004a69   Thumb Code   164  tasks.o(i.vTaskPriorityInherit)
    vTaskSetTimeOutState                     0x08004b19   Thumb Code    32  tasks.o(i.vTaskSetTimeOutState)
    vTaskStartScheduler                      0x08004b65   Thumb Code   108  tasks.o(i.vTaskStartScheduler)
    vTaskSuspendAll                          0x08004c11   Thumb Code    12  tasks.o(i.vTaskSuspendAll)
    vTaskSwitchContext                       0x08004c21   Thumb Code   110  tasks.o(i.vTaskSwitchContext)
    xPortStartScheduler                      0x08004cc9   Thumb Code   140  port.o(i.xPortStartScheduler)
    xPortSysTickHandler                      0x08004d69   Thumb Code    46  port.o(i.xPortSysTickHandler)
    xQueueGenericCreate                      0x08004d9d   Thumb Code    78  queue.o(i.xQueueGenericCreate)
    xQueueGenericReceive                     0x08004e11   Thumb Code   416  queue.o(i.xQueueGenericReceive)
    xQueueGenericReset                       0x08004fd9   Thumb Code   136  queue.o(i.xQueueGenericReset)
    xQueueGenericSend                        0x08005089   Thumb Code   412  queue.o(i.xQueueGenericSend)
    xQueueGenericSendFromISR                 0x0800524d   Thumb Code   234  queue.o(i.xQueueGenericSendFromISR)
    xTaskCheckForTimeOut                     0x0800535d   Thumb Code   116  tasks.o(i.xTaskCheckForTimeOut)
    xTaskCreate                              0x080053fd   Thumb Code    96  tasks.o(i.xTaskCreate)
    xTaskGetSchedulerState                   0x0800545d   Thumb Code    24  tasks.o(i.xTaskGetSchedulerState)
    xTaskGetTickCount                        0x0800547d   Thumb Code     6  tasks.o(i.xTaskGetTickCount)
    xTaskIncrementTick                       0x08005489   Thumb Code   272  tasks.o(i.xTaskIncrementTick)
    xTaskPriorityDisinherit                  0x080055e9   Thumb Code   168  tasks.o(i.xTaskPriorityDisinherit)
    xTaskRemoveFromEventList                 0x080056c1   Thumb Code   118  tasks.o(i.xTaskRemoveFromEventList)
    xTaskResumeAll                           0x08005775   Thumb Code   214  tasks.o(i.xTaskResumeAll)
    xTimerCreate                             0x08005895   Thumb Code    48  timers.o(i.xTimerCreate)
    xTimerCreateTimerTask                    0x080058c5   Thumb Code    56  timers.o(i.xTimerCreateTimerTask)
    xTimerGenericCommand                     0x08005939   Thumb Code   118  timers.o(i.xTimerGenericCommand)
    _get_lc_numeric                          0x080059dd   Thumb Code    44  lc_numeric_c.o(locale$$code)
    _get_lc_ctype                            0x08005a09   Thumb Code    44  lc_ctype_c.o(locale$$code)
    __aeabi_d2f                              0x08005a35   Thumb Code     0  d2f.o(x$fpl$d2f)
    _d2f                                     0x08005a35   Thumb Code    98  d2f.o(x$fpl$d2f)
    __aeabi_dadd                             0x08005a99   Thumb Code     0  daddsub_clz.o(x$fpl$dadd)
    _dadd                                    0x08005a99   Thumb Code   332  daddsub_clz.o(x$fpl$dadd)
    __aeabi_dmul                             0x08005be9   Thumb Code     0  dmul.o(x$fpl$dmul)
    _dmul                                    0x08005be9   Thumb Code   332  dmul.o(x$fpl$dmul)
    __fpl_dnaninf                            0x08005d3d   Thumb Code   156  dnaninf.o(x$fpl$dnaninf)
    __fpl_dretinf                            0x08005dd9   Thumb Code    12  dretinf.o(x$fpl$dretinf)
    __aeabi_dsub                             0x08005de5   Thumb Code     0  daddsub_clz.o(x$fpl$dsub)
    _dsub                                    0x08005de5   Thumb Code   464  daddsub_clz.o(x$fpl$dsub)
    __aeabi_f2d                              0x08005fb9   Thumb Code     0  f2d.o(x$fpl$f2d)
    _f2d                                     0x08005fb9   Thumb Code    86  f2d.o(x$fpl$f2d)
    __aeabi_ui2f                             0x08006011   Thumb Code     0  fflt_clz.o(x$fpl$ffltu)
    _ffltu                                   0x08006011   Thumb Code    38  fflt_clz.o(x$fpl$ffltu)
    __fpl_fnaninf                            0x08006037   Thumb Code   140  fnaninf.o(x$fpl$fnaninf)
    __fpl_fretinf                            0x080060c3   Thumb Code    10  fretinf.o(x$fpl$fretinf)
    _printf_fp_dec                           0x080060cd   Thumb Code     4  printf1.o(x$fpl$printf1)
    __I$use$fp                               0x080060d0   Number         0  usenofp.o(x$fpl$usenofp)
    Region$$Table$$Base                      0x080061a8   Number         0  anon$$obj.o(Region$$Table)
    Region$$Table$$Limit                     0x080061c8   Number         0  anon$$obj.o(Region$$Table)
    __ctype                                  0x080061f1   Data           0  lc_ctype_c.o(locale$$data)
    SystemCoreClock                          0x20000000   Data           4  system_stm32f10x.o(.data)
    AHBPrescTable                            0x20000004   Data          16  system_stm32f10x.o(.data)
    __stdout                                 0x2000002c   Data           4  usart1.o(.data)
    USART3_RX_STA                            0x20000030   Data           2  usart3.o(.data)
    g_me3616_process_back_result_task_handle 0x20000034   Data           4  me3616.o(.data)
    g_me3616_miplnotify_sw_timer_handle      0x20000038   Data           4  me3616.o(.data)
    g_notify_resourceid_5700_sensor_value    0x2000003c   Data           4  me3616.o(.data)
    g_notify_resourceid_5701_sensor_units    0x20000040   Data           4  me3616.o(.data)
    g_addobj_objectid                        0x20000044   Data           4  me3616.o(.data)
    g_opend_lifetime                         0x20000048   Data           4  me3616.o(.data)
    g_observe_msgid                          0x2000004c   Data           4  me3616.o(.data)
    g_observe_flag                           0x20000050   Data           4  me3616.o(.data)
    g_observe_objectid                       0x20000054   Data           4  me3616.o(.data)
    g_observe_instanceid                     0x20000058   Data           4  me3616.o(.data)
    g_observe_resourceid                     0x2000005c   Data           4  me3616.o(.data)
    g_discover_msgid                         0x20000060   Data           4  me3616.o(.data)
    g_discover_objectid                      0x20000064   Data           4  me3616.o(.data)
    sht20_data_t                             0x20000068   Data           8  sht20.o(.data)
    pxCurrentTCB                             0x20000070   Data           4  tasks.o(.data)
    USART3_RX_BUF                            0x200000e8   Data        1024  usart3.o(.bss)
    USART3_TX_BUF                            0x200004e8   Data        1024  usart3.o(.bss)
    xQueueRegistry                           0x200008e8   Data          64  queue.o(.bss)
    __libspace_start                         0x20005c34   Data          96  libspace.o(.bss)
    __temporary_stack_top$libspace           0x20005c94   Data           0  libspace.o(.bss)
    mem2base                                 0x68000000   Data       983040  malloc.o(.ARM.__AT_0x68000000)
    mem2mapbase                              0x680f0000   Data       61440  malloc.o(.ARM.__AT_0x680F0000)



==============================================================================

Memory Map of the image

  Image Entry point : 0x08000131

  Load Region LR_IROM1 (Base: 0x08000000, Size: 0x000063dc, Max: 0x00080000, ABSOLUTE)

    Execution Region ER_IROM1 (Base: 0x08000000, Size: 0x000062f4, Max: 0x00080000, ABSOLUTE)

    Base Addr    Size         Type   Attr      Idx    E Section Name        Object

    0x08000000   0x00000130   Data   RO          292    RESET               startup_stm32f10x_hd.o
    0x08000130   0x00000008   Code   RO         4942  * !!!main             c_w.l(__main.o)
    0x08000138   0x00000034   Code   RO         5273    !!!scatter          c_w.l(__scatter.o)
    0x0800016c   0x0000001a   Code   RO         5275    !!handler_copy      c_w.l(__scatter_copy.o)
    0x08000186   0x00000002   PAD
    0x08000188   0x0000001c   Code   RO         5277    !!handler_zi        c_w.l(__scatter_zi.o)
    0x080001a4   0x00000000   Code   RO         4922    .ARM.Collect$$_printf_percent$$00000000  c_w.l(_printf_percent.o)
    0x080001a4   0x00000006   Code   RO         5022    .ARM.Collect$$_printf_percent$$00000001  c_w.l(_printf_n.o)
    0x080001aa   0x00000006   Code   RO         5024    .ARM.Collect$$_printf_percent$$00000002  c_w.l(_printf_p.o)
    0x080001b0   0x00000006   Code   RO         4921    .ARM.Collect$$_printf_percent$$00000003  c_w.l(_printf_f.o)
    0x080001b6   0x00000006   Code   RO         5027    .ARM.Collect$$_printf_percent$$00000004  c_w.l(_printf_e.o)
    0x080001bc   0x00000006   Code   RO         5028    .ARM.Collect$$_printf_percent$$00000005  c_w.l(_printf_g.o)
    0x080001c2   0x00000006   Code   RO         5029    .ARM.Collect$$_printf_percent$$00000006  c_w.l(_printf_a.o)
    0x080001c8   0x0000000a   Code   RO         5034    .ARM.Collect$$_printf_percent$$00000007  c_w.l(_printf_ll.o)
    0x080001d2   0x00000006   Code   RO         5026    .ARM.Collect$$_printf_percent$$00000008  c_w.l(_printf_i.o)
    0x080001d8   0x00000006   Code   RO         4919    .ARM.Collect$$_printf_percent$$00000009  c_w.l(_printf_d.o)
    0x080001de   0x00000006   Code   RO         4920    .ARM.Collect$$_printf_percent$$0000000A  c_w.l(_printf_u.o)
    0x080001e4   0x00000006   Code   RO         5025    .ARM.Collect$$_printf_percent$$0000000B  c_w.l(_printf_o.o)
    0x080001ea   0x00000006   Code   RO         5023    .ARM.Collect$$_printf_percent$$0000000C  c_w.l(_printf_x.o)
    0x080001f0   0x00000006   Code   RO         5031    .ARM.Collect$$_printf_percent$$0000000D  c_w.l(_printf_lli.o)
    0x080001f6   0x00000006   Code   RO         5032    .ARM.Collect$$_printf_percent$$0000000E  c_w.l(_printf_lld.o)
    0x080001fc   0x00000006   Code   RO         5033    .ARM.Collect$$_printf_percent$$0000000F  c_w.l(_printf_llu.o)
    0x08000202   0x00000006   Code   RO         5038    .ARM.Collect$$_printf_percent$$00000010  c_w.l(_printf_llo.o)
    0x08000208   0x00000006   Code   RO         5039    .ARM.Collect$$_printf_percent$$00000011  c_w.l(_printf_llx.o)
    0x0800020e   0x0000000a   Code   RO         5035    .ARM.Collect$$_printf_percent$$00000012  c_w.l(_printf_l.o)
    0x08000218   0x00000006   Code   RO         4917    .ARM.Collect$$_printf_percent$$00000013  c_w.l(_printf_c.o)
    0x0800021e   0x00000006   Code   RO         4918    .ARM.Collect$$_printf_percent$$00000014  c_w.l(_printf_s.o)
    0x08000224   0x00000006   Code   RO         5036    .ARM.Collect$$_printf_percent$$00000015  c_w.l(_printf_lc.o)
    0x0800022a   0x00000006   Code   RO         5037    .ARM.Collect$$_printf_percent$$00000016  c_w.l(_printf_ls.o)
    0x08000230   0x00000004   Code   RO         5030    .ARM.Collect$$_printf_percent$$00000017  c_w.l(_printf_percent_end.o)
    0x08000234   0x00000002   Code   RO         5150    .ARM.Collect$$libinit$$00000000  c_w.l(libinit.o)
    0x08000236   0x00000000   Code   RO         5152    .ARM.Collect$$libinit$$00000002  c_w.l(libinit2.o)
    0x08000236   0x00000000   Code   RO         5154    .ARM.Collect$$libinit$$00000004  c_w.l(libinit2.o)
    0x08000236   0x00000000   Code   RO         5157    .ARM.Collect$$libinit$$0000000A  c_w.l(libinit2.o)
    0x08000236   0x00000000   Code   RO         5159    .ARM.Collect$$libinit$$0000000C  c_w.l(libinit2.o)
    0x08000236   0x00000000   Code   RO         5161    .ARM.Collect$$libinit$$0000000E  c_w.l(libinit2.o)
    0x08000236   0x00000006   Code   RO         5162    .ARM.Collect$$libinit$$0000000F  c_w.l(libinit2.o)
    0x0800023c   0x00000000   Code   RO         5164    .ARM.Collect$$libinit$$00000011  c_w.l(libinit2.o)
    0x0800023c   0x0000000c   Code   RO         5165    .ARM.Collect$$libinit$$00000012  c_w.l(libinit2.o)
    0x08000248   0x00000000   Code   RO         5166    .ARM.Collect$$libinit$$00000013  c_w.l(libinit2.o)
    0x08000248   0x00000000   Code   RO         5168    .ARM.Collect$$libinit$$00000015  c_w.l(libinit2.o)
    0x08000248   0x0000000a   Code   RO         5169    .ARM.Collect$$libinit$$00000016  c_w.l(libinit2.o)
    0x08000252   0x00000000   Code   RO         5170    .ARM.Collect$$libinit$$00000017  c_w.l(libinit2.o)
    0x08000252   0x00000000   Code   RO         5172    .ARM.Collect$$libinit$$00000019  c_w.l(libinit2.o)
    0x08000252   0x00000000   Code   RO         5174    .ARM.Collect$$libinit$$0000001B  c_w.l(libinit2.o)
    0x08000252   0x00000000   Code   RO         5176    .ARM.Collect$$libinit$$0000001D  c_w.l(libinit2.o)
    0x08000252   0x00000000   Code   RO         5178    .ARM.Collect$$libinit$$0000001F  c_w.l(libinit2.o)
    0x08000252   0x00000000   Code   RO         5180    .ARM.Collect$$libinit$$00000021  c_w.l(libinit2.o)
    0x08000252   0x00000000   Code   RO         5182    .ARM.Collect$$libinit$$00000023  c_w.l(libinit2.o)
    0x08000252   0x00000000   Code   RO         5184    .ARM.Collect$$libinit$$00000025  c_w.l(libinit2.o)
    0x08000252   0x00000000   Code   RO         5188    .ARM.Collect$$libinit$$0000002C  c_w.l(libinit2.o)
    0x08000252   0x00000000   Code   RO         5190    .ARM.Collect$$libinit$$0000002E  c_w.l(libinit2.o)
    0x08000252   0x00000000   Code   RO         5192    .ARM.Collect$$libinit$$00000030  c_w.l(libinit2.o)
    0x08000252   0x00000000   Code   RO         5194    .ARM.Collect$$libinit$$00000032  c_w.l(libinit2.o)
    0x08000252   0x00000002   Code   RO         5195    .ARM.Collect$$libinit$$00000033  c_w.l(libinit2.o)
    0x08000254   0x00000002   Code   RO         5223    .ARM.Collect$$libshutdown$$00000000  c_w.l(libshutdown.o)
    0x08000256   0x00000000   Code   RO         5232    .ARM.Collect$$libshutdown$$00000002  c_w.l(libshutdown2.o)
    0x08000256   0x00000000   Code   RO         5234    .ARM.Collect$$libshutdown$$00000004  c_w.l(libshutdown2.o)
    0x08000256   0x00000000   Code   RO         5237    .ARM.Collect$$libshutdown$$00000007  c_w.l(libshutdown2.o)
    0x08000256   0x00000000   Code   RO         5240    .ARM.Collect$$libshutdown$$0000000A  c_w.l(libshutdown2.o)
    0x08000256   0x00000000   Code   RO         5242    .ARM.Collect$$libshutdown$$0000000C  c_w.l(libshutdown2.o)
    0x08000256   0x00000000   Code   RO         5245    .ARM.Collect$$libshutdown$$0000000F  c_w.l(libshutdown2.o)
    0x08000256   0x00000002   Code   RO         5246    .ARM.Collect$$libshutdown$$00000010  c_w.l(libshutdown2.o)
    0x08000258   0x00000000   Code   RO         4966    .ARM.Collect$$rtentry$$00000000  c_w.l(__rtentry.o)
    0x08000258   0x00000000   Code   RO         5061    .ARM.Collect$$rtentry$$00000002  c_w.l(__rtentry2.o)
    0x08000258   0x00000006   Code   RO         5073    .ARM.Collect$$rtentry$$00000004  c_w.l(__rtentry4.o)
    0x0800025e   0x00000000   Code   RO         5063    .ARM.Collect$$rtentry$$00000009  c_w.l(__rtentry2.o)
    0x0800025e   0x00000004   Code   RO         5064    .ARM.Collect$$rtentry$$0000000A  c_w.l(__rtentry2.o)
    0x08000262   0x00000000   Code   RO         5066    .ARM.Collect$$rtentry$$0000000C  c_w.l(__rtentry2.o)
    0x08000262   0x00000008   Code   RO         5067    .ARM.Collect$$rtentry$$0000000D  c_w.l(__rtentry2.o)
    0x0800026a   0x00000002   Code   RO         5196    .ARM.Collect$$rtexit$$00000000  c_w.l(rtexit.o)
    0x0800026c   0x00000000   Code   RO         5203    .ARM.Collect$$rtexit$$00000002  c_w.l(rtexit2.o)
    0x0800026c   0x00000004   Code   RO         5204    .ARM.Collect$$rtexit$$00000003  c_w.l(rtexit2.o)
    0x08000270   0x00000006   Code   RO         5205    .ARM.Collect$$rtexit$$00000004  c_w.l(rtexit2.o)
    0x08000276   0x00000002   PAD
    0x08000278   0x00000096   Code   RO         4681    .emb_text           port.o
    0x0800030e   0x00000002   PAD
    0x08000310   0x00000040   Code   RO          293    .text               startup_stm32f10x_hd.o
    0x08000350   0x00000002   Code   RO         4879    .text               c_w.l(use_no_semi_2.o)
    0x08000352   0x00000002   PAD
    0x08000354   0x00000024   Code   RO         4881    .text               c_w.l(c89vsprintf.o)
    0x08000378   0x00000018   Code   RO         4883    .text               c_w.l(__2printf.o)
    0x08000390   0x0000002c   Code   RO         4885    .text               c_w.l(__2sprintf.o)
    0x080003bc   0x00000052   Code   RO         4893    .text               c_w.l(_printf_str.o)
    0x0800040e   0x00000002   PAD
    0x08000410   0x00000078   Code   RO         4895    .text               c_w.l(_printf_dec.o)
    0x08000488   0x00000188   Code   RO         4914    .text               c_w.l(__printf_flags_ss_wp.o)
    0x08000610   0x0000001a   Code   RO         4923    .text               c_w.l(atoi.o)
    0x0800062a   0x00000002   PAD
    0x0800062c   0x0000000c   Code   RO         4925    .text               c_w.l(strtok.o)
    0x08000638   0x00000024   Code   RO         4928    .text               c_w.l(strstr.o)
    0x0800065c   0x0000003e   Code   RO         4932    .text               c_w.l(strlen.o)
    0x0800069a   0x0000008a   Code   RO         4934    .text               c_w.l(rt_memcpy_v6.o)
    0x08000724   0x00000010   Code   RO         4936    .text               c_w.l(aeabi_memset.o)
    0x08000734   0x0000004e   Code   RO         4938    .text               c_w.l(rt_memclr_w.o)
    0x08000782   0x00000006   Code   RO         4940    .text               c_w.l(heapauxi.o)
    0x08000788   0x00000002   Code   RO         4964    .text               c_w.l(use_no_semi.o)
    0x0800078a   0x00000002   PAD
    0x0800078c   0x00000008   Code   RO         4970    .text               c_w.l(rt_errno_addr_intlibspace.o)
    0x08000794   0x0000004e   Code   RO         4972    .text               c_w.l(_printf_pad.o)
    0x080007e2   0x00000024   Code   RO         4974    .text               c_w.l(_printf_truncate.o)
    0x08000806   0x000000b2   Code   RO         4976    .text               c_w.l(_printf_intcommon.o)
    0x080008b8   0x00000028   Code   RO         4978    .text               c_w.l(_printf_charcount.o)
    0x080008e0   0x0000041a   Code   RO         4980    .text               c_w.l(_printf_fp_dec.o)
    0x08000cfa   0x00000002   PAD
    0x08000cfc   0x00000030   Code   RO         4982    .text               c_w.l(_printf_char_common.o)
    0x08000d2c   0x0000000a   Code   RO         4984    .text               c_w.l(_sputc.o)
    0x08000d36   0x0000002c   Code   RO         4986    .text               c_w.l(_printf_char.o)
    0x08000d62   0x00000002   PAD
    0x08000d64   0x00000024   Code   RO         4988    .text               c_w.l(_printf_char_file.o)
    0x08000d88   0x000000bc   Code   RO         4990    .text               c_w.l(_printf_wctomb.o)
    0x08000e44   0x0000007c   Code   RO         4993    .text               c_w.l(_printf_longlong_dec.o)
    0x08000ec0   0x00000070   Code   RO         4999    .text               c_w.l(_printf_oct_int_ll.o)
    0x08000f30   0x00000094   Code   RO         5019    .text               c_w.l(_printf_hex_int_ll_ptr.o)
    0x08000fc4   0x00000070   Code   RO         5040    .text               c_w.l(strtol.o)
    0x08001034   0x00000044   Code   RO         5042    .text               c_w.l(strtok_int.o)
    0x08001078   0x00000064   Code   RO         5044    .text               c_w.l(rt_memcpy_w.o)
    0x080010dc   0x00000044   Code   RO         5046    .text               c_w.l(rt_memclr.o)
    0x08001120   0x00000008   Code   RO         5057    .text               c_w.l(libspace.o)
    0x08001128   0x00000010   Code   RO         5075    .text               c_w.l(rt_ctype_table.o)
    0x08001138   0x00000008   Code   RO         5080    .text               c_w.l(rt_locale_intlibspace.o)
    0x08001140   0x0000008a   Code   RO         5082    .text               c_w.l(lludiv10.o)
    0x080011ca   0x00000002   PAD
    0x080011cc   0x00000080   Code   RO         5084    .text               c_w.l(_printf_fp_infnan.o)
    0x0800124c   0x0000002c   Code   RO         5088    .text               c_w.l(_printf_wchar.o)
    0x08001278   0x0000009e   Code   RO         5090    .text               c_w.l(_strtoul.o)
    0x08001316   0x00000002   PAD
    0x08001318   0x000000dc   Code   RO         5092    .text               c_w.l(bigflt0.o)
    0x080013f4   0x00000008   Code   RO         5117    .text               c_w.l(ferror.o)
    0x080013fc   0x00000040   Code   RO         5121    .text               c_w.l(_wcrtomb.o)
    0x0800143c   0x00000020   Code   RO         5126    .text               c_w.l(strcspn.o)
    0x0800145c   0x0000001c   Code   RO         5128    .text               c_w.l(strspn.o)
    0x08001478   0x0000004a   Code   RO         5134    .text               c_w.l(sys_stackheap_outer.o)
    0x080014c2   0x0000001c   Code   RO         5136    .text               c_w.l(_chval.o)
    0x080014de   0x00000012   Code   RO         5141    .text               c_w.l(exit.o)
    0x080014f0   0x00000080   Code   RO         5143    .text               c_w.l(strcmpv7m.o)
    0x08001570   0x0000003e   Code   RO         5095    CL$$btod_d2e        c_w.l(btod.o)
    0x080015ae   0x00000046   Code   RO         5097    CL$$btod_d2e_denorm_low  c_w.l(btod.o)
    0x080015f4   0x00000060   Code   RO         5096    CL$$btod_d2e_norm_op1  c_w.l(btod.o)
    0x08001654   0x00000338   Code   RO         5105    CL$$btod_div_common  c_w.l(btod.o)
    0x0800198c   0x000000c6   Code   RO         5102    CL$$btod_e2e        c_w.l(btod.o)
    0x08001a52   0x00000028   Code   RO         5099    CL$$btod_ediv       c_w.l(btod.o)
    0x08001a7a   0x00000028   Code   RO         5098    CL$$btod_emul       c_w.l(btod.o)
    0x08001aa2   0x00000244   Code   RO         5104    CL$$btod_mult_common  c_w.l(btod.o)
    0x08001ce6   0x00000004   Code   RO          174    i.BusFault_Handler  stm32f10x_it.o
    0x08001cea   0x00000002   Code   RO          175    i.DebugMon_Handler  stm32f10x_it.o
    0x08001cec   0x00000116   Code   RO         1448    i.GPIO_Init         stm32f10x_gpio.o
    0x08001e02   0x00000012   Code   RO         1452    i.GPIO_ReadInputDataBit  stm32f10x_gpio.o
    0x08001e14   0x00000004   Code   RO         1455    i.GPIO_ResetBits    stm32f10x_gpio.o
    0x08001e18   0x00000004   Code   RO         1456    i.GPIO_SetBits      stm32f10x_gpio.o
    0x08001e1c   0x00000004   Code   RO          176    i.HardFault_Handler  stm32f10x_it.o
    0x08001e20   0x00000004   Code   RO          177    i.MemManage_Handler  stm32f10x_it.o
    0x08001e24   0x00000002   Code   RO          178    i.NMI_Handler       stm32f10x_it.o
    0x08001e26   0x00000002   PAD
    0x08001e28   0x00000070   Code   RO          297    i.NVIC_Init         misc.o
    0x08001e98   0x00000014   Code   RO          298    i.NVIC_PriorityGroupConfig  misc.o
    0x08001eac   0x00000020   Code   RO         1864    i.RCC_APB1PeriphClockCmd  stm32f10x_rcc.o
    0x08001ecc   0x00000020   Code   RO         1865    i.RCC_APB1PeriphResetCmd  stm32f10x_rcc.o
    0x08001eec   0x00000020   Code   RO         1866    i.RCC_APB2PeriphClockCmd  stm32f10x_rcc.o
    0x08001f0c   0x00000020   Code   RO         1867    i.RCC_APB2PeriphResetCmd  stm32f10x_rcc.o
    0x08001f2c   0x000000dc   Code   RO         1874    i.RCC_GetClocksFreq  stm32f10x_rcc.o
    0x08002008   0x00000008   Code   RO          245    i.SetSysClock       system_stm32f10x.o
    0x08002010   0x000000e0   Code   RO          246    i.SetSysClockTo72   system_stm32f10x.o
    0x080020f0   0x00000028   Code   RO          301    i.SysTick_CLKSourceConfig  misc.o
    0x08002118   0x00000010   Code   RO         3264    i.SysTick_Handler   delay.o
    0x08002128   0x00000060   Code   RO          248    i.SystemInit        system_stm32f10x.o
    0x08002188   0x00000034   Code   RO         3346    i.TIM7_IRQHandler   timer.o
    0x080021bc   0x00000060   Code   RO         3347    i.TIM7_Int_Init     timer.o
    0x0800221c   0x00000006   Code   RO         2493    i.TIM_ClearITPendingBit  stm32f10x_tim.o
    0x08002222   0x00000018   Code   RO         2498    i.TIM_Cmd           stm32f10x_tim.o
    0x0800223a   0x00000022   Code   RO         2519    i.TIM_GetITStatus   stm32f10x_tim.o
    0x0800225c   0x00000012   Code   RO         2523    i.TIM_ITConfig      stm32f10x_tim.o
    0x0800226e   0x00000004   Code   RO         2563    i.TIM_SetCounter    stm32f10x_tim.o
    0x08002272   0x00000002   PAD
    0x08002274   0x000000a4   Code   RO         2569    i.TIM_TimeBaseInit  stm32f10x_tim.o
    0x08002318   0x0000007c   Code   RO         3417    i.USART3_IRQHandler  usart3.o
    0x08002394   0x0000001e   Code   RO         3031    i.USART_ClearITPendingBit  stm32f10x_usart.o
    0x080023b2   0x00000018   Code   RO         3034    i.USART_Cmd         stm32f10x_usart.o
    0x080023ca   0x00000002   PAD
    0x080023cc   0x0000009c   Code   RO         3036    i.USART_DeInit      stm32f10x_usart.o
    0x08002468   0x0000001a   Code   RO         3037    i.USART_GetFlagStatus  stm32f10x_usart.o
    0x08002482   0x00000054   Code   RO         3038    i.USART_GetITStatus  stm32f10x_usart.o
    0x080024d6   0x0000004a   Code   RO         3040    i.USART_ITConfig    stm32f10x_usart.o
    0x08002520   0x000000d8   Code   RO         3041    i.USART_Init        stm32f10x_usart.o
    0x080025f8   0x0000000a   Code   RO         3048    i.USART_ReceiveData  stm32f10x_usart.o
    0x08002602   0x00000008   Code   RO         3051    i.USART_SendData    stm32f10x_usart.o
    0x0800260a   0x00000004   Code   RO          179    i.UsageFault_Handler  stm32f10x_it.o
    0x0800260e   0x00000028   Code   RO         5132    i.__ARM_fpclassify  m_ws.l(fpclassify.o)
    0x08002636   0x0000000e   Code   RO         4907    i._is_digit         c_w.l(__printf_wp.o)
    0x08002644   0x00000004   Code   RO         3367    i._sys_exit         usart1.o
    0x08002648   0x0000005c   Code   RO         3265    i.delay_init        delay.o
    0x080026a4   0x00000040   Code   RO         3266    i.delay_ms          delay.o
    0x080026e4   0x00000048   Code   RO         3267    i.delay_us          delay.o
    0x0800272c   0x0000001c   Code   RO         3368    i.fputc             usart1.o
    0x08002748   0x0000002c   Code   RO            1    i.hardware_init     main.o
    0x08002774   0x00000034   Code   RO         3334    i.led_init          led.o
    0x080027a8   0x00000034   Code   RO            2    i.main              main.o
    0x080027dc   0x00000040   Code   RO         3452    i.me3616_at_response  me3616.o
    0x0800281c   0x00000034   Code   RO         3453    i.me3616_check_cmd  me3616.o
    0x08002850   0x0000000c   Code   RO         3455    i.me3616_connect_onenet_app_task  me3616.o
    0x0800285c   0x00000020   Code   RO         3456    i.me3616_hardware_reset  me3616.o
    0x0800287c   0x000000bc   Code   RO         3457    i.me3616_miplnotify_sw_timer_callback  me3616.o
    0x08002938   0x00000050   Code   RO         3458    i.me3616_miplnotify_sw_timer_task_init  me3616.o
    0x08002988   0x00000074   Code   RO         3459    i.me3616_onenet_mipladdobj  me3616.o
    0x080029fc   0x00000044   Code   RO         3460    i.me3616_onenet_miplclose  me3616.o
    0x08002a40   0x00000038   Code   RO         3461    i.me3616_onenet_miplcreate  me3616.o
    0x08002a78   0x00000044   Code   RO         3462    i.me3616_onenet_mipldelete  me3616.o
    0x08002abc   0x00000054   Code   RO         3463    i.me3616_onenet_mipldelobj  me3616.o
    0x08002b10   0x00000074   Code   RO         3464    i.me3616_onenet_mipldiscover_rsp  me3616.o
    0x08002b84   0x0000008c   Code   RO         3466    i.me3616_onenet_miplnotify  me3616.o
    0x08002c10   0x00000060   Code   RO         3467    i.me3616_onenet_miplobserve_rsp  me3616.o
    0x08002c70   0x00000054   Code   RO         3468    i.me3616_onenet_miplopen  me3616.o
    0x08002cc4   0x00000068   Code   RO         3472    i.me3616_parse_onenet_mipldiscover  me3616.o
    0x08002d2c   0x000000a8   Code   RO         3474    i.me3616_parse_onenet_miplobserve  me3616.o
    0x08002dd4   0x00000034   Code   RO         3476    i.me3616_power_init  me3616.o
    0x08002e08   0x00000020   Code   RO         3477    i.me3616_power_on   me3616.o
    0x08002e28   0x000001ec   Code   RO         3478    i.me3616_process_back_result_task  me3616.o
    0x08003014   0x00000048   Code   RO         3479    i.me3616_process_back_result_task_init  me3616.o
    0x0800305c   0x00000110   Code   RO         3480    i.me3616_registered_to_onenet  me3616.o
    0x0800316c   0x0000007c   Code   RO         3481    i.me3616_send_cmd   me3616.o
    0x080031e8   0x00000098   Code   RO         4191    i.prvAddCurrentTaskToDelayedList  tasks.o
    0x08003280   0x000000b8   Code   RO         4192    i.prvAddNewTaskToReadyList  tasks.o
    0x08003338   0x00000064   Code   RO         4551    i.prvCheckForValidListAndQueue  timers.o
    0x0800339c   0x00000064   Code   RO         4193    i.prvCheckTasksWaitingTermination  tasks.o
    0x08003400   0x0000002a   Code   RO         3955    i.prvCopyDataFromQueue  queue.o
    0x0800342a   0x0000007c   Code   RO         3956    i.prvCopyDataToQueue  queue.o
    0x080034a6   0x00000012   Code   RO         4194    i.prvDeleteTCB      tasks.o
    0x080034b8   0x00000028   Code   RO         4552    i.prvGetNextExpireTime  timers.o
    0x080034e0   0x0000007c   Code   RO         4758    i.prvHeapInit       heap_4.o
    0x0800355c   0x00000028   Code   RO         4195    i.prvIdleTask       tasks.o
    0x08003584   0x0000002e   Code   RO         3958    i.prvInitialiseNewQueue  queue.o
    0x080035b2   0x00000002   PAD
    0x080035b4   0x000000d0   Code   RO         4196    i.prvInitialiseNewTask  tasks.o
    0x08003684   0x0000006c   Code   RO         4553    i.prvInitialiseNewTimer  timers.o
    0x080036f0   0x00000068   Code   RO         4197    i.prvInitialiseTaskLists  tasks.o
    0x08003758   0x00000068   Code   RO         4759    i.prvInsertBlockIntoFreeList  heap_4.o
    0x080037c0   0x00000058   Code   RO         4554    i.prvInsertTimerInActiveList  timers.o
    0x08003818   0x0000001a   Code   RO         3959    i.prvIsQueueEmpty   queue.o
    0x08003832   0x0000001e   Code   RO         3960    i.prvIsQueueFull    queue.o
    0x08003850   0x000000a0   Code   RO         3961    i.prvNotifyQueueSetContainer  queue.o
    0x080038f0   0x00000080   Code   RO         4555    i.prvProcessExpiredTimer  timers.o
    0x08003970   0x0000012c   Code   RO         4556    i.prvProcessReceivedCommands  timers.o
    0x08003a9c   0x00000074   Code   RO         4557    i.prvProcessTimerOrBlockTask  timers.o
    0x08003b10   0x00000034   Code   RO         4199    i.prvResetNextTaskUnblockTime  tasks.o
    0x08003b44   0x0000002c   Code   RO         4558    i.prvSampleTimeNow  timers.o
    0x08003b70   0x000000bc   Code   RO         4559    i.prvSwitchTimerLists  timers.o
    0x08003c2c   0x00000070   Code   RO         4682    i.prvTaskExitError  port.o
    0x08003c9c   0x0000001a   Code   RO         4560    i.prvTimerTask      timers.o
    0x08003cb6   0x00000092   Code   RO         3962    i.prvUnlockQueue    queue.o
    0x08003d48   0x00000154   Code   RO         4760    i.pvPortMalloc      heap_4.o
    0x08003e9c   0x00000020   Code   RO         4203    i.pvTaskIncrementMutexHeldCount  tasks.o
    0x08003ebc   0x00000024   Code   RO         4683    i.pxPortInitialiseStack  port.o
    0x08003ee0   0x00000048   Code   RO         3747    i.sht20_calculate_humidity  sht20.o
    0x08003f28   0x0000004c   Code   RO         3748    i.sht20_calculate_temperature  sht20.o
    0x08003f74   0x0000004a   Code   RO         3749    i.sht20_check_crc   sht20.o
    0x08003fbe   0x00000002   PAD
    0x08003fc0   0x00000064   Code   RO         3750    i.sht20_get_value   sht20.o
    0x08004024   0x00000034   Code   RO         3665    i.sht20_i2c_ack     sht20_i2c.o
    0x08004058   0x0000003c   Code   RO         3666    i.sht20_i2c_init    sht20_i2c.o
    0x08004094   0x00000034   Code   RO         3667    i.sht20_i2c_nack    sht20_i2c.o
    0x080040c8   0x00000050   Code   RO         3668    i.sht20_i2c_read_byte  sht20_i2c.o
    0x08004118   0x00000076   Code   RO         3670    i.sht20_i2c_read_one_byte  sht20_i2c.o
    0x0800418e   0x00000002   PAD
    0x08004190   0x00000058   Code   RO         3671    i.sht20_i2c_send_byte  sht20_i2c.o
    0x080041e8   0x00000034   Code   RO         3672    i.sht20_i2c_start   sht20_i2c.o
    0x0800421c   0x00000034   Code   RO         3673    i.sht20_i2c_stop    sht20_i2c.o
    0x08004250   0x0000007c   Code   RO         3674    i.sht20_i2c_wait_ack  sht20_i2c.o
    0x080042cc   0x00000064   Code   RO         3676    i.sht20_i2c_write_one_byte  sht20_i2c.o
    0x08004330   0x000000bc   Code   RO         3751    i.sht20_measure_data  sht20.o
    0x080043ec   0x00000016   Code   RO         3752    i.sht20_read_user_reg  sht20.o
    0x08004402   0x0000000e   Code   RO         3753    i.sht20_soft_reset  sht20.o
    0x08004410   0x0000008c   Code   RO         3369    i.usart1_init       usart1.o
    0x0800449c   0x000000d0   Code   RO         3418    i.usart3_init       usart3.o
    0x0800456c   0x00000050   Code   RO         3419    i.usart3_printf     usart3.o
    0x080045bc   0x00000028   Code   RO         3918    i.uxListRemove      list.o
    0x080045e4   0x0000001a   Code   RO         3919    i.vListInitialise   list.o
    0x080045fe   0x00000006   Code   RO         3920    i.vListInitialiseItem  list.o
    0x08004604   0x00000034   Code   RO         3921    i.vListInsert       list.o
    0x08004638   0x00000018   Code   RO         3922    i.vListInsertEnd    list.o
    0x08004650   0x00000088   Code   RO         4685    i.vPortEnterCritical  port.o
    0x080046d8   0x00000070   Code   RO         4686    i.vPortExitCritical  port.o
    0x08004748   0x000000b8   Code   RO         4761    i.vPortFree         heap_4.o
    0x08004800   0x00000020   Code   RO         4687    i.vPortSetupTimerInterrupt  port.o
    0x08004820   0x000000a0   Code   RO         4688    i.vPortValidateInterruptPriority  port.o
    0x080048c0   0x0000002c   Code   RO         3968    i.vQueueAddToRegistry  queue.o
    0x080048ec   0x0000004a   Code   RO         3972    i.vQueueWaitForMessageRestricted  queue.o
    0x08004936   0x00000002   PAD
    0x08004938   0x00000074   Code   RO         4211    i.vTaskDelay        tasks.o
    0x080049ac   0x0000000c   Code   RO         4217    i.vTaskMissedYield  tasks.o
    0x080049b8   0x00000054   Code   RO         4219    i.vTaskPlaceOnEventList  tasks.o
    0x08004a0c   0x0000005c   Code   RO         4220    i.vTaskPlaceOnEventListRestricted  tasks.o
    0x08004a68   0x000000b0   Code   RO         4222    i.vTaskPriorityInherit  tasks.o
    0x08004b18   0x0000004c   Code   RO         4226    i.vTaskSetTimeOutState  tasks.o
    0x08004b64   0x000000ac   Code   RO         4227    i.vTaskStartScheduler  tasks.o
    0x08004c10   0x00000010   Code   RO         4229    i.vTaskSuspendAll   tasks.o
    0x08004c20   0x000000a8   Code   RO         4230    i.vTaskSwitchContext  tasks.o
    0x08004cc8   0x000000a0   Code   RO         4689    i.xPortStartScheduler  port.o
    0x08004d68   0x00000034   Code   RO         4690    i.xPortSysTickHandler  port.o
    0x08004d9c   0x00000074   Code   RO         3977    i.xQueueGenericCreate  queue.o
    0x08004e10   0x000001c8   Code   RO         3978    i.xQueueGenericReceive  queue.o
    0x08004fd8   0x000000b0   Code   RO         3979    i.xQueueGenericReset  queue.o
    0x08005088   0x000001c4   Code   RO         3980    i.xQueueGenericSend  queue.o
    0x0800524c   0x00000110   Code   RO         3981    i.xQueueGenericSendFromISR  queue.o
    0x0800535c   0x000000a0   Code   RO         4231    i.xTaskCheckForTimeOut  tasks.o
    0x080053fc   0x00000060   Code   RO         4232    i.xTaskCreate       tasks.o
    0x0800545c   0x00000020   Code   RO         4236    i.xTaskGetSchedulerState  tasks.o
    0x0800547c   0x0000000c   Code   RO         4237    i.xTaskGetTickCount  tasks.o
    0x08005488   0x00000160   Code   RO         4239    i.xTaskIncrementTick  tasks.o
    0x080055e8   0x000000d8   Code   RO         4242    i.xTaskPriorityDisinherit  tasks.o
    0x080056c0   0x000000b4   Code   RO         4243    i.xTaskRemoveFromEventList  tasks.o
    0x08005774   0x00000120   Code   RO         4245    i.xTaskResumeAll    tasks.o
    0x08005894   0x00000030   Code   RO         4563    i.xTimerCreate      timers.o
    0x080058c4   0x00000074   Code   RO         4564    i.xTimerCreateTimerTask  timers.o
    0x08005938   0x000000a4   Code   RO         4565    i.xTimerGenericCommand  timers.o
    0x080059dc   0x0000002c   Code   RO         5124    locale$$code        c_w.l(lc_numeric_c.o)
    0x08005a08   0x0000002c   Code   RO         5139    locale$$code        c_w.l(lc_ctype_c.o)
    0x08005a34   0x00000062   Code   RO         4944    x$fpl$d2f           fz_ws.l(d2f.o)
    0x08005a96   0x00000002   PAD
    0x08005a98   0x00000150   Code   RO         4946    x$fpl$dadd          fz_ws.l(daddsub_clz.o)
    0x08005be8   0x00000154   Code   RO         4952    x$fpl$dmul          fz_ws.l(dmul.o)
    0x08005d3c   0x0000009c   Code   RO         5048    x$fpl$dnaninf       fz_ws.l(dnaninf.o)
    0x08005dd8   0x0000000c   Code   RO         5050    x$fpl$dretinf       fz_ws.l(dretinf.o)
    0x08005de4   0x000001d4   Code   RO         4948    x$fpl$dsub          fz_ws.l(daddsub_clz.o)
    0x08005fb8   0x00000056   Code   RO         4954    x$fpl$f2d           fz_ws.l(f2d.o)
    0x0800600e   0x00000002   PAD
    0x08006010   0x00000026   Code   RO         4956    x$fpl$ffltu         fz_ws.l(fflt_clz.o)
    0x08006036   0x0000008c   Code   RO         5052    x$fpl$fnaninf       fz_ws.l(fnaninf.o)
    0x080060c2   0x0000000a   Code   RO         5054    x$fpl$fretinf       fz_ws.l(fretinf.o)
    0x080060cc   0x00000004   Code   RO         4962    x$fpl$printf1       fz_ws.l(printf1.o)
    0x080060d0   0x00000000   Code   RO         5056    x$fpl$usenofp       fz_ws.l(usenofp.o)
    0x080060d0   0x00000011   Data   RO         4915    .constdata          c_w.l(__printf_flags_ss_wp.o)
    0x080060e1   0x00000003   PAD
    0x080060e4   0x00000008   Data   RO         4991    .constdata          c_w.l(_printf_wctomb.o)
    0x080060ec   0x00000028   Data   RO         5020    .constdata          c_w.l(_printf_hex_int_ll_ptr.o)
    0x08006114   0x00000094   Data   RO         5093    .constdata          c_w.l(bigflt0.o)
    0x080061a8   0x00000020   Data   RO         5271    Region$$Table       anon$$obj.o
    0x080061c8   0x0000001c   Data   RO         5123    locale$$data        c_w.l(lc_numeric_c.o)
    0x080061e4   0x00000110   Data   RO         5138    locale$$data        c_w.l(lc_ctype_c.o)


    Execution Region RW_IRAM1 (Base: 0x20000000, Size: 0x00006298, Max: 0x00010000, ABSOLUTE)

    Base Addr    Size         Type   Attr      Idx    E Section Name        Object

    0x20000000   0x00000014   Data   RW          249    .data               system_stm32f10x.o
    0x20000014   0x00000014   Data   RW         1894    .data               stm32f10x_rcc.o
    0x20000028   0x00000004   Data   RW         3268    .data               delay.o
    0x2000002c   0x00000004   Data   RW         3372    .data               usart1.o
    0x20000030   0x00000002   Data   RW         3421    .data               usart3.o
    0x20000032   0x00000002   PAD
    0x20000034   0x00000034   Data   RW         3483    .data               me3616.o
    0x20000068   0x00000008   Data   RW         3754    .data               sht20.o
    0x20000070   0x0000003c   Data   RW         4248    .data               tasks.o
    0x200000ac   0x00000014   Data   RW         4573    .data               timers.o
    0x200000c0   0x0000000c   Data   RW         4691    .data               port.o
    0x200000cc   0x00000018   Data   RW         4766    .data               heap_4.o
    0x200000e4   0x00000004   Data   RW         4926    .data               c_w.l(strtok.o)
    0x200000e8   0x00000800   Zero   RW         3420    .bss                usart3.o
    0x200008e8   0x00000040   Zero   RW         3992    .bss                queue.o
    0x20000928   0x000002e4   Zero   RW         4247    .bss                tasks.o
    0x20000c0c   0x00000028   Zero   RW         4572    .bss                timers.o
    0x20000c34   0x00005000   Zero   RW         4765    .bss                heap_4.o
    0x20005c34   0x00000060   Zero   RW         5058    .bss                c_w.l(libspace.o)
    0x20005c94   0x00000004   PAD
    0x20005c98   0x00000200   Zero   RW          291    HEAP                startup_stm32f10x_hd.o
    0x20005e98   0x00000400   Zero   RW          290    STACK               startup_stm32f10x_hd.o



  Load Region LR$$.ARM.__AT_0x68000000 (Base: 0x68000000, Size: 0x00000000, Max: 0x000f0000, ABSOLUTE)

    Execution Region ER$$.ARM.__AT_0x68000000 (Base: 0x68000000, Size: 0x000f0000, Max: 0x000f0000, ABSOLUTE, UNINIT)

    Base Addr    Size         Type   Attr      Idx    E Section Name        Object

    0x68000000   0x000f0000   Zero   RW         4816    .ARM.__AT_0x68000000  malloc.o



  Load Region LR$$.ARM.__AT_0x680F0000 (Base: 0x680f0000, Size: 0x00000000, Max: 0x0000f000, ABSOLUTE)

    Execution Region ER$$.ARM.__AT_0x680F0000 (Base: 0x680f0000, Size: 0x0000f000, Max: 0x0000f000, ABSOLUTE, UNINIT)

    Base Addr    Size         Type   Attr      Idx    E Section Name        Object

    0x680f0000   0x0000f000   Zero   RW         4817    .ARM.__AT_0x680F0000  malloc.o


==============================================================================

Image component sizes


      Code (inc. data)   RO Data    RW Data    ZI Data      Debug   Object Name

         0          0          0          0          0         32   core_cm3.o
       244         26          0          4          0       2201   delay.o
         0          0          0          0          0       9300   event_groups.o
       752        176          0         24      20480       3687   heap_4.o
        52          6          0          0          0        463   led.o
       148          0          0          0          0       2882   list.o
        96         20          0          0          0     263787   main.o
         0          0          0          0    1044480       1501   malloc.o
      2572        946          0         52          0      18386   me3616.o
       172         22          0          0          0       1953   misc.o
       950        320          0         12          0       9849   port.o
      2164        238          0          0         64      14885   queue.o
       546         32          0          8          0       4558   sht20.o
       778         66          0          0          0       6211   sht20_i2c.o
        64         26        304          0       1536        780   startup_stm32f10x_hd.o
       304          0          0          0          0       3528   stm32f10x_gpio.o
        20          0          0          0          0       2321   stm32f10x_it.o
       348         52          0         20          0       5400   stm32f10x_rcc.o
       250         42          0          0          0       3903   stm32f10x_tim.o
       628         28          0          0          0       7154   stm32f10x_usart.o
       328         28          0         20          0       1957   system_stm32f10x.o
      3138        802          0         60        740      27105   tasks.o
       148         16          0          0          0       1086   timer.o
      1466        352          0         20         40       9666   timers.o
       172         14          0          4          0       4046   usart1.o
       412         44          0          2       2048       2582   usart3.o

    ----------------------------------------------------------------------
     15768       3256        336        228    1069388     409223   Object Totals
         0          0         32          0          0          0   (incl. Generated)
        16          0          0          2          0          0   (incl. Padding)

    ----------------------------------------------------------------------

      Code (inc. data)   RO Data    RW Data    ZI Data      Debug   Library Member Name

        24          4          0          0          0         84   __2printf.o
        44          6          0          0          0         84   __2sprintf.o
         8          0          0          0          0         68   __main.o
       392          4         17          0          0         92   __printf_flags_ss_wp.o
        14          0          0          0          0         68   __printf_wp.o
         0          0          0          0          0          0   __rtentry.o
        12          0          0          0          0          0   __rtentry2.o
         6          0          0          0          0          0   __rtentry4.o
        52          8          0          0          0          0   __scatter.o
        26          0          0          0          0          0   __scatter_copy.o
        28          0          0          0          0          0   __scatter_zi.o
        28          0          0          0          0         68   _chval.o
         6          0          0          0          0          0   _printf_a.o
         6          0          0          0          0          0   _printf_c.o
        44          0          0          0          0        108   _printf_char.o
        48          6          0          0          0         96   _printf_char_common.o
        36          4          0          0          0         80   _printf_char_file.o
        40          0          0          0          0         68   _printf_charcount.o
         6          0          0          0          0          0   _printf_d.o
       120         16          0          0          0         92   _printf_dec.o
         6          0          0          0          0          0   _printf_e.o
         6          0          0          0          0          0   _printf_f.o
      1050          0          0          0          0        216   _printf_fp_dec.o
       128         16          0          0          0         84   _printf_fp_infnan.o
         6          0          0          0          0          0   _printf_g.o
       148          4         40          0          0        160   _printf_hex_int_ll_ptr.o
         6          0          0          0          0          0   _printf_i.o
       178          0          0          0          0         88   _printf_intcommon.o
        10          0          0          0          0          0   _printf_l.o
         6          0          0          0          0          0   _printf_lc.o
        10          0          0          0          0          0   _printf_ll.o
         6          0          0          0          0          0   _printf_lld.o
         6          0          0          0          0          0   _printf_lli.o
         6          0          0          0          0          0   _printf_llo.o
         6          0          0          0          0          0   _printf_llu.o
         6          0          0          0          0          0   _printf_llx.o
       124         16          0          0          0         92   _printf_longlong_dec.o
         6          0          0          0          0          0   _printf_ls.o
         6          0          0          0          0          0   _printf_n.o
         6          0          0          0          0          0   _printf_o.o
       112          8          0          0          0        124   _printf_oct_int_ll.o
         6          0          0          0          0          0   _printf_p.o
        78          0          0          0          0        108   _printf_pad.o
         0          0          0          0          0          0   _printf_percent.o
         4          0          0          0          0          0   _printf_percent_end.o
         6          0          0          0          0          0   _printf_s.o
        82          0          0          0          0         80   _printf_str.o
        36          0          0          0          0         84   _printf_truncate.o
         6          0          0          0          0          0   _printf_u.o
        44          0          0          0          0        108   _printf_wchar.o
       188          6          8          0          0         92   _printf_wctomb.o
         6          0          0          0          0          0   _printf_x.o
        10          0          0          0          0         68   _sputc.o
       158          0          0          0          0         92   _strtoul.o
        64          0          0          0          0         92   _wcrtomb.o
        16          0          0          0          0         68   aeabi_memset.o
        26          0          0          0          0         80   atoi.o
       220          4        148          0          0         96   bigflt0.o
      1910        128          0          0          0        672   btod.o
        36          4          0          0          0         76   c89vsprintf.o
        18          0          0          0          0         80   exit.o
         8          0          0          0          0         68   ferror.o
         6          0          0          0          0        152   heapauxi.o
        44         10        272          0          0         76   lc_ctype_c.o
        44         10         28          0          0         76   lc_numeric_c.o
         2          0          0          0          0          0   libinit.o
        30          0          0          0          0          0   libinit2.o
         2          0          0          0          0          0   libshutdown.o
         2          0          0          0          0          0   libshutdown2.o
         8          4          0          0         96         68   libspace.o
       138          0          0          0          0         80   lludiv10.o
        16          4          0          0          0         76   rt_ctype_table.o
         8          4          0          0          0         68   rt_errno_addr_intlibspace.o
         8          4          0          0          0         68   rt_locale_intlibspace.o
        68          0          0          0          0         68   rt_memclr.o
        78          0          0          0          0         80   rt_memclr_w.o
       138          0          0          0          0         68   rt_memcpy_v6.o
       100          0          0          0          0         80   rt_memcpy_w.o
         2          0          0          0          0          0   rtexit.o
        10          0          0          0          0          0   rtexit2.o
       128          0          0          0          0         68   strcmpv7m.o
        32          0          0          0          0         80   strcspn.o
        62          0          0          0          0         76   strlen.o
        28          0          0          0          0         80   strspn.o
        36          0          0          0          0         80   strstr.o
        12          6          0          4          0         68   strtok.o
        68          4          0          0          0         84   strtok_int.o
       112          0          0          0          0         88   strtol.o
        74          0          0          0          0         80   sys_stackheap_outer.o
         2          0          0          0          0         68   use_no_semi.o
         2          0          0          0          0         68   use_no_semi_2.o
        98          4          0          0          0         92   d2f.o
       804         16          0          0          0        272   daddsub_clz.o
       340         12          0          0          0        104   dmul.o
       156          4          0          0          0         92   dnaninf.o
        12          0          0          0          0         68   dretinf.o
        86          4          0          0          0         84   f2d.o
        38          0          0          0          0         68   fflt_clz.o
       140          4          0          0          0         84   fnaninf.o
        10          0          0          0          0         68   fretinf.o
         4          0          0          0          0         68   printf1.o
         0          0          0          0          0          0   usenofp.o
        40          0          0          0          0         68   fpclassify.o

    ----------------------------------------------------------------------
      8712        324        516          4        100       6404   Library Totals
        24          0          3          0          4          0   (incl. Padding)

    ----------------------------------------------------------------------

      Code (inc. data)   RO Data    RW Data    ZI Data      Debug   Library Name

      6960        280        513          4         96       5336   c_w.l
      1688         44          0          0          0       1000   fz_ws.l
        40          0          0          0          0         68   m_ws.l

    ----------------------------------------------------------------------
      8712        324        516          4        100       6404   Library Totals

    ----------------------------------------------------------------------

==============================================================================


      Code (inc. data)   RO Data    RW Data    ZI Data      Debug   

     24480       3580        852        232    1069488     403767   Grand Totals
     24480       3580        852        232    1069488     403767   ELF Image Totals
     24480       3580        852        232          0          0   ROM Totals

==============================================================================

    Total RO  Size (Code + RO Data)                25332 (  24.74kB)
    Total RW  Size (RW Data + ZI Data)           1069720 (1044.65kB)
    Total ROM Size (Code + RO Data + RW Data)      25564 (  24.96kB)

==============================================================================

